1
3
6
8
11
13
16
18
21
23
26
28
31
33
36
38
41
43
46
48
51
53
55
58
60
62
65
67
70
72
74
77
79
81
84
86
89
91
93
96
98
101
103
105
108
110
112
115
117
120
122
124
127
129
131
134
136
139
141
143
146
148
151
153
155
158
160
162
165
167
170
172
174
177
179
181
184
186
189
191
193
196
198
201
201
202
203
204
205
206
207
207
208
209
210
211
212
213
213
214
215
216
217
218
219
219
220
221
222
223
224
225
226
226
227
228
229
230
231
232
232
233
234
235
236
237
238
238
239
240
241
242
243
244
244
245
246
247
248
249
250
