1
3
6
8
11
13
16
18
21
23
26
28
31
33
36
38
41
43
46
48
51
53
55
58
60
62
65
67
70
72
74
77
79
81
84
86
89
91
93
96
98
101
103
105
108
110
112
115
117
120
122
124
127
129
131
134
136
139
141
143
146
148
151
153
155
158
160
162
165
167
170
172
174
177
179
181
184
186
189
191
193
196
198
201
203
205
208
210
212
215
217
220
222
224
227
229
231
234
236
239
241
243
246
248
251
253
255
258
260
262
265
267
270
272
274
277
279
281
284
286
289
291
293
296
298
301
303
306
308
311
313
316
318
321
323
326
328
331
333
336
338
341
343
346
348
351
353
355
358
360
362
365
367
370
372
374
377
379
381
384
386
389
391
393
396
398
401
403
405
408
410
412
415
417
420
422
424
427
429
431
434
436
439
441
443
446
448
451
453
455
458
460
462
465
467
470
472
474
477
479
481
484
486
489
491
493
496
498
501
503
505
508
510
512
515
517
520
522
524
527
529
531
534
536
539
541
543
546
548
551
553
555
558
560
562
565
567
570
572
574
577
579
581
584
586
589
591
593
596
598
601
603
606
608
611
613
616
618
621
623
626
628
631
633
636
638
641
643
646
648
651
653
655
658
660
662
665
667
670
672
674
677
679
681
684
686
689
691
693
696
698
701
703
705
708
710
712
715
717
720
722
724
727
729
731
734
736
739
741
743
746
748
751
753
755
758
760
762
765
767
770
772
774
777
779
781
784
786
789
791
793
796
798
801
803
805
808
810
812
815
817
820
822
824
827
829
831
834
836
839
841
843
846
848
851
853
855
858
860
862
865
867
870
872
874
877
879
881
884
886
889
891
893
896
898
901
903
906
908
911
913
916
918
921
923
926
928
931
933
936
938
941
943
946
948
951
953
955
958
960
962
965
967
970
972
974
977
979
981
984
986
989
991
993
996
998
1001
1003
1005
1008
1010
1012
1015
1017
1020
1022
1024
1027
1029
1031
1034
1036
1039
1041
1043
1046
1048
1051
1053
1055
1058
1060
1062
1065
1067
1070
1072
1074
1077
1079
1081
1084
1086
1089
1091
1093
1096
1098
1101
1103
1105
1108
1110
1112
1115
1117
1120
1122
1124
1127
1129
1131
1134
1136
1139
1141
1143
1146
1148
1151
1153
1155
1158
1160
1162
1165
1167
1170
1172
1174
1177
1179
1181
1184
1186
1189
1191
1193
1196
1198
1201
1203
1206
1208
1211
1213
1216
1218
1221
1223
1226
1228
1231
1233
1236
1238
1241
1243
1246
1248
1251
1253
1255
1258
1260
1262
1265
1267
1270
1272
1274
1277
1279
1281
1284
1286
1289
1291
1293
1296
1298
1301
1303
1305
1308
1310
1312
1315
1317
1320
1322
1324
1327
1329
1331
1334
1336
1339
1341
1343
1346
1348
1351
1353
1355
1358
1360
1362
1365
1367
1370
1372
1374
1377
1379
1381
1384
1386
1389
1391
1393
1396
1398
1401
1403
1405
1408
1410
1412
1415
1417
1420
1422
1424
1427
1429
1431
1434
1436
1439
1441
1443
1446
1448
1451
1453
1455
1458
1460
1462
1465
1467
1470
1472
1474
1477
1479
1481
1484
1486
1489
1491
1493
1496
1498
1501
1503
1506
1508
1511
1513
1516
1518
1521
1523
1526
1528
1531
1533
1536
1538
1541
1543
1546
1548
1551
1553
1555
1558
1560
1562
1565
1567
1570
1572
1574
1577
1579
1581
1584
1586
1589
1591
1593
1596
1598
1601
1603
1605
1608
1610
1612
1615
1617
1620
1622
1624
1627
1629
1631
1634
1636
1639
1641
1643
1646
1648
1651
1653
1655
1658
1660
1662
1665
1667
1670
1672
1674
1677
1679
1681
1684
1686
1689
1691
1693
1696
1698
1701
1703
1705
1708
1710
1712
1715
1717
1720
1722
1724
1727
1729
1731
1734
1736
1739
1741
1743
1746
1748
1751
1753
1755
1758
1760
1762
1765
1767
1770
1772
1774
1777
1779
1781
1784
1786
1789
1791
1793
1796
1798
1801
1803
1806
1808
1811
1813
1816
1818
1821
1823
1826
1828
1831
1833
1836
1838
1841
1843
1846
1848
1851
1853
1855
1858
1860
1862
1865
1867
1870
1872
1874
1877
1879
1881
1884
1886
1889
1891
1893
1896
1898
1901
1903
1905
1908
1910
1912
1915
1917
1920
1922
1924
1927
1929
1931
1934
1936
1939
1941
1943
1946
1948
1951
1953
1955
1958
1960
1962
1965
1967
1970
1972
1974
1977
1979
1981
1984
1986
1989
1991
1993
1996
1998
2001
2003
2005
2008
2010
2012
2015
2017
2020
2022
2024
2027
2029
2031
2034
2036
2039
2041
2043
2046
2048
2051
2053
2055
2058
2060
2062
2065
2067
2070
2072
2074
2077
2079
2081
2084
2086
2089
2091
2093
2096
2098
2101
2103
2106
2108
2111
2113
2116
2118
2121
2123
2126
2128
2131
2133
2136
2138
2141
2143
2146
2148
2151
2153
2155
2158
2160
2162
2165
2167
2170
2172
2174
2177
2179
2181
2184
2186
2189
2191
2193
2196
2198
2201
2203
2205
2208
2210
2212
2215
2217
2220
2222
2224
2227
2229
2231
2234
2236
2239
2241
2243
2246
2248
2251
2253
2255
2258
2260
2262
2265
2267
2270
2272
2274
2277
2279
2281
2284
2286
2289
2291
2293
2296
2298
2301
2303
2305
2308
2310
2312
2315
2317
2320
2322
2324
2327
2329
2331
2334
2336
2339
2341
2343
2346
2348
2351
2353
2355
2358
2360
2362
2365
2367
2370
2372
2374
2377
2379
2381
2384
2386
2389
2391
2393
2396
2398
2401
2403
2406
2408
2411
2413
2416
2418
2421
2423
2426
2428
2431
2433
2436
2438
2441
2443
2446
2448
2451
2453
2455
2458
2460
2462
2465
2467
2470
2472
2474
2477
2479
2481
2484
2486
2489
2491
2493
2496
2498
2501
2503
2505
2508
2510
2512
2515
2517
2520
2522
2524
2527
2529
2531
2534
2536
2539
2541
2543
2546
2548
2551
2553
2555
2558
2560
2562
2565
2567
2570
2572
2574
2577
2579
2581
2584
2586
2589
2591
2593
2596
2598
2601
2603
2605
2608
2610
2612
2615
2617
2620
2622
2624
2627
2629
2631
2634
2636
2639
2641
2643
2646
2648
2651
2653
2655
2658
2660
2662
2665
2667
2670
2672
2674
2677
2679
2681
2684
2686
2689
2691
2693
2696
2698
2701
2703
2706
2708
2711
2713
2716
2718
2721
2723
2726
2728
2731
2733
2736
2738
2741
2743
2746
2748
2751
2753
2755
2758
2760
2762
2765
2767
2770
2772
2774
2777
2779
2781
2784
2786
2789
2791
2793
2796
2798
2801
2803
2805
2808
2810
2812
2815
2817
2820
2822
2824
2827
2829
2831
2834
2836
2839
2841
2843
2846
2848
2851
2853
2855
2858
2860
2862
2865
2867
2870
2872
2874
2877
2879
2881
2884
2886
2889
2891
2893
2896
2898
2901
2903
2905
2908
2910
2912
2915
2917
2920
2922
2924
2927
2929
2931
2934
2936
2939
2941
2943
2946
2948
2951
2953
2955
2958
2960
2962
2965
2967
2970
2972
2974
2977
2979
2981
2984
2986
2989
2991
2993
2996
2998
3001
3003
3006
3008
3011
3013
3016
3018
3021
3023
3026
3028
3031
3033
3036
3038
3041
3043
3046
3048
3051
3053
3055
3058
3060
3062
3065
3067
3070
3072
3074
3077
3079
3081
3084
3086
3089
3091
3093
3096
3098
3101
3103
3105
3108
3110
3112
3115
3117
3120
3122
3124
3127
3129
3131
3134
3136
3139
3141
3143
3146
3148
3151
3153
3155
3158
3160
3162
3165
3167
3170
3172
3174
3177
3179
3181
3184
3186
3189
3191
3193
3196
3198
3201
3203
3205
3207
3210
3212
3214
3216
3219
3221
3223
3226
3228
3230
3232
3235
3237
3239
3241
3244
3246
3248
