1
3
6
8
11
13
16
18
21
23
26
28
31
33
36
38
41
43
46
48
51
53
55
58
60
62
65
67
70
72
74
77
79
81
84
86
89
91
93
96
98
101
103
105
108
110
112
115
117
120
122
124
127
129
131
134
136
139
141
143
146
148
151
151
151
152
152
153
153
154
154
155
155
156
156
157
157
158
158
158
159
159
160
160
161
161
162
162
163
163
164
164
165
165
165
166
166
167
167
168
168
169
169
170
170
171
171
172
172
172
173
173
174
174
175
175
176
176
177
177
178
178
179
179
179
180
180
181
181
182
182
183
183
184
184
185
185
186
186
186
187
187
188
188
189
189
190
190
191
191
192
192
193
193
193
194
194
195
195
196
196
197
197
198
198
199
199
200
200
