1
26
51
76
101
126
151
176
201
226
251
276
301
326
351
376
401
426
451
476
501
526
551
567
584
601
626
651
676
701
726
751
776
801
826
851
876
901
926
951
976
1001
1026
1051
1076
1101
1126
1151
1167
1184
1201
1226
1251
1276
1301
1326
1351
1376
1401
1426
1451
1476
1501
1526
1551
1576
1601
1626
1651
1651
1652
1652
1653
1653
1654
1655
1655
1656
1656
1657
1657
1658
1659
1659
1660
1660
1661
1662
1662
1663
1663
1664
1664
1665
1666
1666
1667
1667
1668
1669
1669
1670
1670
1671
1671
1672
1673
1673
1674
1674
1675
1676
1676
1677
1677
1678
1678
1679
1680
1680
1681
1681
1682
1682
1683
1684
1684
1685
1685
1686
1687
1687
1688
1688
1689
1689
1690
1691
1691
1692
1692
1693
1694
1694
1695
1695
1696
1696
1697
1698
1698
1699
1699
1700
