1
26
51
76
101
126
151
176
201
226
251
276
301
326
351
376
401
426
451
476
501
526
551
567
584
601
626
651
676
701
726
751
776
801
826
851
876
901
926
951
976
1001
1026
1051
1076
1101
1126
1151
1167
1184
1201
1226
1251
1276
1301
1326
1351
1376
1401
1426
1451
1476
1501
1526
1551
1576
1601
1626
1651
1676
1701
1726
1751
1767
1784
1801
1826
1851
1876
1901
1926
1951
1976
2001
2026
2051
2076
2101
2126
2151
2176
2201
2226
2251
2276
2301
2326
2351
2367
2384
2401
2426
2451
2476
2501
2526
2551
2576
2601
2626
2651
2676
2701
2726
2751
2776
2801
2826
2851
2876
2901
2926
2951
2967
2984
3001
3026
3051
3076
3101
3126
3151
3176
3201
3226
3251
3276
3301
3326
3351
3376
3401
3426
3451
3476
3501
3526
3551
3567
3584
3601
3626
3651
3676
3701
3726
3751
3776
3801
3826
3851
3876
3901
3926
3951
3976
4001
4026
4051
4076
4101
4126
4151
4167
4184
4201
4226
4251
4276
4301
4326
4351
4376
4401
4426
4451
4476
4501
4526
4551
4576
4601
4626
4651
4676
4701
4726
4751
4767
4784
4801
4826
4851
4876
4901
4926
4951
4951
4951
4951
4951
4951
4951
4951
4951
4951
4951
4951
4951
4951
4951
4951
4951
4951
4951
4951
4951
4951
4951
4951
4951
4951
4951
4951
4951
4951
4951
4951
4951
4951
4951
4951
4951
4951
4951
4951
4951
4951
4951
4951
4951
4951
4951
4951
4951
4951
4951
4951
4951
4951
4951
4951
4951
4951
4951
4951
4951
4951
4951
4951
4951
4951
4951
4951
4951
4951
4951
4951
4951
4951
4951
4951
4951
4951
4951
4951
4951
4951
4951
4951
4951
4951
4951
4951
4951
4951
4951
4951
4951
4951
4951
4951
4951
4951
4951
4951
4951
4951
4951
4951
4951
4951
4951
4951
4951
4951
4951
4951
4951
4951
4951
4951
4951
4951
4951
4951
4951
4951
4951
4951
4951
4951
4951
4951
4951
4951
4951
4951
4951
4951
4951
4951
4951
4951
4951
4951
4951
4951
4951
4951
4951
4951
4951
4951
4951
4951
4951
4951
4951
4951
4951
4951
4951
4951
4951
4951
4951
4951
4951
4951
4951
4951
4951
4952
4952
4952
4952
4952
4952
4952
4952
4952
4952
4952
4952
4952
4952
4952
4952
4952
4952
4952
4952
4952
4952
4952
4952
4952
4952
4952
4952
4952
4952
4952
4952
4952
4952
4952
4952
4952
4952
4952
4952
4952
4952
4952
4952
4952
4952
4952
4952
4952
4952
4952
4952
4952
4952
4952
4952
4952
4952
4952
4952
4952
4952
4952
4952
4952
4952
4952
4952
4952
4952
4952
4952
4952
4952
4952
4952
4952
4952
4952
4952
4952
4952
4952
4952
4952
4952
4952
4952
4952
4952
4952
4952
4952
4952
4952
4952
4952
4952
4952
4952
4952
4952
4952
4952
4952
4952
4952
4952
4952
4952
4952
4952
4952
4952
4952
4952
4952
4952
4952
4952
4952
4952
4952
4952
4952
4952
4952
4952
4952
4952
4952
4952
4952
4952
4952
4952
4952
4952
4952
4952
4952
4952
4952
4952
4952
4952
4952
4952
4952
4952
4952
4952
4952
4952
4952
4952
4952
4952
4952
4952
4952
4952
4952
4952
4952
4952
4952
4953
4953
4953
4953
4953
4953
4953
4953
4953
4953
4953
4953
4953
4953
4953
4953
4953
4953
4953
4953
4953
4953
4953
4953
4953
4953
4953
4953
4953
4953
4953
4953
4953
4953
4953
4953
4953
4953
4953
4953
4953
4953
4953
4953
4953
4953
4953
4953
4953
4953
4953
4953
4953
4953
4953
4953
4953
4953
4953
4953
4953
4953
4953
4953
4953
4953
4953
4953
4953
4953
4953
4953
4953
4953
4953
4953
4953
4953
4953
4953
4953
4953
4953
4953
4953
4953
4953
4953
4953
4953
4953
4953
4953
4953
4953
4953
4953
4953
4953
4953
4953
4953
4953
4953
4953
4953
4953
4953
4953
4953
4953
4953
4953
4953
4953
4953
4953
4953
4953
4953
4953
4953
4953
4953
4953
4953
4953
4953
4953
4953
4953
4953
4953
4953
4953
4953
4953
4953
4953
4953
4953
4953
4953
4953
4953
4953
4953
4953
4953
4953
4953
4953
4953
4953
4953
4953
4953
4953
4953
4953
4953
4953
4953
4953
4953
4953
4954
4954
4954
4954
4954
4954
4954
4954
4954
4954
4954
4954
4954
4954
4954
4954
4954
4954
4954
4954
4954
4954
4954
4954
4954
4954
4954
4954
4954
4954
4954
4954
4954
4954
4954
4954
4954
4954
4954
4954
4954
4954
4954
4954
4954
4954
4954
4954
4954
4954
4954
4954
4954
4954
4954
4954
4954
4954
4954
4954
4954
4954
4954
4954
4954
4954
4954
4954
4954
4954
4954
4954
4954
4954
4954
4954
4954
4954
4954
4954
4954
4954
4954
4954
4954
4954
4954
4954
4954
4954
4954
4954
4954
4954
4954
4954
4954
4954
4954
4954
4954
4954
4954
4954
4954
4954
4954
4954
4954
4954
4954
4954
4954
4954
4954
4954
4954
4954
4954
4954
4954
4954
4954
4954
4954
4954
4954
4954
4954
4954
4954
4954
4954
4954
4954
4954
4954
4954
4954
4954
4954
4954
4954
4954
4954
4954
4954
4954
4954
4954
4954
4954
4954
4954
4954
4954
4954
4954
4954
4954
4954
4954
4954
4954
4954
4954
4954
4955
4955
4955
4955
4955
4955
4955
4955
4955
4955
4955
4955
4955
4955
4955
4955
4955
4955
4955
4955
4955
4955
4955
4955
4955
4955
4955
4955
4955
4955
4955
4955
4955
4955
4955
4955
4955
4955
4955
4955
4955
4955
4955
4955
4955
4955
4955
4955
4955
4955
4955
4955
4955
4955
4955
4955
4955
4955
4955
4955
4955
4955
4955
4955
4955
4955
4955
4955
4955
4955
4955
4955
4955
4955
4955
4955
4955
4955
4955
4955
4955
4955
4955
4955
4955
4955
4955
4955
4955
4955
4955
4955
4955
4955
4955
4955
4955
4955
4955
4955
4955
4955
4955
4955
4955
4955
4955
4955
4955
4955
4955
4955
4955
4955
4955
4955
4955
4955
4955
4955
4955
4955
4955
4955
4955
4955
4955
4955
4955
4955
4955
4955
4955
4955
4955
4955
4955
4955
4955
4955
4955
4955
4955
4955
4955
4955
4955
4955
4955
4955
4955
4955
4955
4955
4955
4955
4955
4955
4955
4955
4955
4955
4955
4955
4955
4955
4955
4956
4956
4956
4956
4956
4956
4956
4956
4956
4956
4956
4956
4956
4956
4956
4956
4956
4956
4956
4956
4956
4956
4956
4956
4956
4956
4956
4956
4956
4956
4956
4956
4956
4956
4956
4956
4956
4956
4956
4956
4956
4956
4956
4956
4956
4956
4956
4956
4956
4956
4956
4956
4956
4956
4956
4956
4956
4956
4956
4956
4956
4956
4956
4956
4956
4956
4956
4956
4956
4956
4956
4956
4956
4956
4956
4956
4956
4956
4956
4956
4956
4956
4956
4956
4956
4956
4956
4956
4956
4956
4956
4956
4956
4956
4956
4956
4956
4956
4956
4956
4956
4956
4956
4956
4956
4956
4956
4956
4956
4956
4956
4956
4956
4956
4956
4956
4956
4956
4956
4956
4956
4956
4956
4956
4956
4956
4956
4956
4956
4956
4956
4956
4956
4956
4956
4956
4956
4956
4956
4956
4956
4956
4956
4956
4956
4956
4956
4956
4956
4956
4956
4956
4956
4956
4956
4956
4956
4956
4956
4956
4956
4956
4956
4956
4956
4956
4957
4957
4957
4957
4957
4957
4957
4957
4957
4957
4957
4957
4957
4957
4957
4957
4957
4957
4957
4957
4957
4957
4957
4957
4957
4957
4957
4957
4957
4957
4957
4957
4957
4957
4957
4957
4957
4957
4957
4957
4957
4957
4957
4957
4957
4957
4957
4957
4957
4957
4957
4957
4957
4957
4957
4957
4957
4957
4957
4957
4957
4957
4957
4957
4957
4957
4957
4957
4957
4957
4957
4957
4957
4957
4957
4957
4957
4957
4957
4957
4957
4957
4957
4957
4957
4957
4957
4957
4957
4957
4957
4957
4957
4957
4957
4957
4957
4957
4957
4957
4957
4957
4957
4957
4957
4957
4957
4957
4957
4957
4957
4957
4957
4957
4957
4957
4957
4957
4957
4957
4957
4957
4957
4957
4957
4957
4957
4957
4957
4957
4957
4957
4957
4957
4957
4957
4957
4957
4957
4957
4957
4957
4957
4957
4957
4957
4957
4957
4957
4957
4957
4957
4957
4957
4957
4957
4957
4957
4957
4957
4957
4957
4957
4957
4957
4957
4957
4958
4958
4958
4958
4958
4958
4958
4958
4958
4958
4958
4958
4958
4958
4958
4958
4958
4958
4958
4958
4958
4958
4958
4958
4958
4958
4958
4958
4958
4958
4958
4958
4958
4958
4958
4958
4958
4958
4958
4958
4958
4958
4958
4958
4958
4958
4958
4958
4958
4958
4958
4958
4958
4958
4958
4958
4958
4958
4958
4958
4958
4958
4958
4958
4958
4958
4958
4958
4958
4958
4958
4958
4958
4958
4958
4958
4958
4958
4958
4958
4958
4958
4958
4958
4958
4958
4958
4958
4958
4958
4958
4958
4958
4958
4958
4958
4958
4958
4958
4958
4958
4958
4958
4958
4958
4958
4958
4958
4958
4958
4958
4958
4958
4958
4958
4958
4958
4958
4958
4958
4958
4958
4958
4958
4958
4958
4958
4958
4958
4958
4958
4958
4958
4958
4958
4958
4958
4958
4958
4958
4958
4958
4958
4958
4958
4958
4958
4958
4958
4958
4958
4958
4958
4958
4958
4958
4958
4958
4958
4958
4958
4958
4958
4958
4958
4958
4958
4959
4959
4959
4959
4959
4959
4959
4959
4959
4959
4959
4959
4959
4959
4959
4959
4959
4959
4959
4959
4959
4959
4959
4959
4959
4959
4959
4959
4959
4959
4959
4959
4959
4959
4959
4959
4959
4959
4959
4959
4959
4959
4959
4959
4959
4959
4959
4959
4959
4959
4959
4959
4959
4959
4959
4959
4959
4959
4959
4959
4959
4959
4959
4959
4959
4959
4959
4959
4959
4959
4959
4959
4959
4959
4959
4959
4959
4959
4959
4959
4959
4959
4959
4959
4959
4959
4959
4959
4959
4959
4959
4959
4959
4959
4959
4959
4959
4959
4959
4959
4959
4959
4959
4959
4959
4959
4959
4959
4959
4959
4959
4959
4959
4959
4959
4959
4959
4959
4959
4959
4959
4959
4959
4959
4959
4959
4959
4959
4959
4959
4959
4959
4959
4959
4959
4959
4959
4959
4959
4959
4959
4959
4959
4959
4959
4959
4959
4959
4959
4959
4959
4959
4959
4959
4959
4959
4959
4959
4959
4959
4959
4959
4959
4959
4959
4959
4960
4960
4960
4960
4960
4960
4960
4960
4960
4960
4960
4960
4960
4960
4960
4960
4960
4960
4960
4960
4960
4960
4960
4960
4960
4960
4960
4960
4960
4960
4960
4960
4960
4960
4960
4960
4960
4960
4960
4960
4960
4960
4960
4960
4960
4960
4960
4960
4960
4960
4960
4960
4960
4960
4960
4960
4960
4960
4960
4960
4960
4960
4960
4960
4960
4960
4960
4960
4960
4960
4960
4960
4960
4960
4960
4960
4960
4960
4960
4960
4960
4960
4960
4960
4960
4960
4960
4960
4960
4960
4960
4960
4960
4960
4960
4960
4960
4960
4960
4960
4960
4960
4960
4960
4960
4960
4960
4960
4960
4960
4960
4960
4960
4960
4960
4960
4960
4960
4960
4960
4960
4960
4960
4960
4960
4960
4960
4960
4960
4960
4960
4960
4960
4960
4960
4960
4960
4960
4960
4960
4960
4960
4960
4960
4960
4960
4960
4960
4960
4960
4960
4960
4960
4960
4960
4960
4960
4960
4960
4960
4960
4960
4960
4960
4960
4960
4960
4961
4961
4961
4961
4961
4961
4961
4961
4961
4961
4961
4961
4961
4961
4961
4961
4961
4961
4961
4961
4961
4961
4961
4961
4961
4961
4961
4961
4961
4961
4961
4961
4961
4961
4961
4961
4961
4961
4961
4961
4961
4961
4961
4961
4961
4961
4961
4961
4961
4961
4961
4961
4961
4961
4961
4961
4961
4961
4961
4961
4961
4961
4961
4961
4961
4961
4961
4961
4961
4961
4961
4961
4961
4961
4961
4961
4961
4961
4961
4961
4961
4961
4961
4961
4961
4961
4961
4961
4961
4961
4961
4961
4961
4961
4961
4961
4961
4961
4961
4961
4961
4961
4961
4961
4961
4961
4961
4961
4961
4961
4961
4961
4961
4961
4961
4961
4961
4961
4961
4961
4961
4961
4961
4961
4961
4961
4961
4961
4961
4961
4961
4961
4961
4961
4961
4961
4961
4961
4961
4961
4961
4961
4961
4961
4961
4961
4961
4961
4961
4961
4961
4961
4961
4961
4961
4961
4961
4961
4961
4961
4961
4961
4961
4961
4961
4961
4961
4962
4962
4962
4962
4962
4962
4962
4962
4962
4962
4962
4962
4962
4962
4962
4962
4962
4962
4962
4962
4962
4962
4962
4962
4962
4962
4962
4962
4962
4962
4962
4962
4962
4962
4962
4962
4962
4962
4962
4962
4962
4962
4962
4962
4962
4962
4962
4962
4962
4962
4962
4962
4962
4962
4962
4962
4962
4962
4962
4962
4962
4962
4962
4962
4962
4962
4962
4962
4962
4962
4962
4962
4962
4962
4962
4962
4962
4962
4962
4962
4962
4962
4962
4962
4962
4962
4962
4962
4962
4962
4962
4962
4962
4962
4962
4962
4962
4962
4962
4962
4962
4962
4962
4962
4962
4962
4962
4962
4962
4962
4962
4962
4962
4962
4962
4962
4962
4962
4962
4962
4962
4962
4962
4962
4962
4962
4962
4962
4962
4962
4962
4962
4962
4962
4962
4962
4962
4962
4962
4962
4962
4962
4962
4962
4962
4962
4962
4962
4962
4962
4962
4962
4962
4962
4962
4962
4962
4962
4962
4962
4962
4962
4962
4962
4962
4962
4963
4963
4963
4963
4963
4963
4963
4963
4963
4963
4963
4963
4963
4963
4963
4963
4963
4963
4963
4963
4963
4963
4963
4963
4963
4963
4963
4963
4963
4963
4963
4963
4963
4963
4963
4963
4963
4963
4963
4963
4963
4963
4963
4963
4963
4963
4963
4963
4963
4963
4963
4963
4963
4963
4963
4963
4963
4963
4963
4963
4963
4963
4963
4963
4963
4963
4963
4963
4963
4963
4963
4963
4963
4963
4963
4963
4963
4963
4963
4963
4963
4963
4963
4963
4963
4963
4963
4963
4963
4963
4963
4963
4963
4963
4963
4963
4963
4963
4963
4963
4963
4963
4963
4963
4963
4963
4963
4963
4963
4963
4963
4963
4963
4963
4963
4963
4963
4963
4963
4963
4963
4963
4963
4963
4963
4963
4963
4963
4963
4963
4963
4963
4963
4963
4963
4963
4963
4963
4963
4963
4963
4963
4963
4963
4963
4963
4963
4963
4963
4963
4963
4963
4963
4963
4963
4963
4963
4963
4963
4963
4963
4963
4963
4963
4963
4963
4963
4964
4964
4964
4964
4964
4964
4964
4964
4964
4964
4964
4964
4964
4964
4964
4964
4964
4964
4964
4964
4964
4964
4964
4964
4964
4964
4964
4964
4964
4964
4964
4964
4964
4964
4964
4964
4964
4964
4964
4964
4964
4964
4964
4964
4964
4964
4964
4964
4964
4964
4964
4964
4964
4964
4964
4964
4964
4964
4964
4964
4964
4964
4964
4964
4964
4964
4964
4964
4964
4964
4964
4964
4964
4964
4964
4964
4964
4964
4964
4964
4964
4964
4964
4964
4964
4964
4964
4964
4964
4964
4964
4964
4964
4964
4964
4964
4964
4964
4964
4964
4964
4964
4964
4964
4964
4964
4964
4964
4964
4964
4964
4964
4964
4964
4964
4964
4964
4964
4964
4964
4964
4964
4964
4964
4964
4964
4964
4964
4964
4964
4964
4964
4964
4964
4964
4964
4964
4964
4964
4964
4964
4964
4964
4964
4964
4964
4964
4964
4964
4964
4964
4964
4964
4964
4964
4964
4964
4964
4964
4964
4964
4964
4964
4964
4964
4964
4964
4965
4965
4965
4965
4965
4965
4965
4965
4965
4965
4965
4965
4965
4965
4965
4965
4965
4965
4965
4965
4965
4965
4965
4965
4965
4965
4965
4965
4965
4965
4965
4965
4965
4965
4965
4965
4965
4965
4965
4965
4965
4965
4965
4965
4965
4965
4965
4965
4965
4965
4965
4965
4965
4965
4965
4965
4965
4965
4965
4965
4965
4965
4965
4965
4965
4965
4965
4965
4965
4965
4965
4965
4965
4965
4965
4965
4965
4965
4965
4965
4965
4965
4965
4965
4965
4965
4965
4965
4965
4965
4965
4965
4965
4965
4965
4965
4965
4965
4965
4965
4965
4965
4965
4965
4965
4965
4965
4965
4965
4965
4965
4965
4965
4965
4965
4965
4965
4965
4965
4965
4965
4965
4965
4965
4965
4965
4965
4965
4965
4965
4965
4965
4965
4965
4965
4965
4965
4965
4965
4965
4965
4965
4965
4965
4965
4965
4965
4965
4965
4965
4965
4965
4965
4965
4965
4965
4965
4965
4965
4965
4965
4965
4965
4965
4965
4965
4966
4966
4966
4966
4966
4966
4966
4966
4966
4966
4966
4966
4966
4966
4966
4966
4966
4966
4966
4966
4966
4966
4966
4966
4966
4966
4966
4966
4966
4966
4966
4966
4966
4966
4966
4966
4966
4966
4966
4966
4966
4966
4966
4966
4966
4966
4966
4966
4966
4966
4966
4966
4966
4966
4966
4966
4966
4966
4966
4966
4966
4966
4966
4966
4966
4966
4966
4966
4966
4966
4966
4966
4966
4966
4966
4966
4966
4966
4966
4966
4966
4966
4966
4966
4966
4966
4966
4966
4966
4966
4966
4966
4966
4966
4966
4966
4966
4966
4966
4966
4966
4966
4966
4966
4966
4966
4966
4966
4966
4966
4966
4966
4966
4966
4966
4966
4966
4966
4966
4966
4966
4966
4966
4966
4966
4966
4966
4966
4966
4966
4966
4966
4966
4966
4966
4966
4966
4966
4966
4966
4966
4966
4966
4966
4966
4966
4966
4966
4966
4966
4966
4966
4966
4966
4966
4966
4966
4966
4966
4966
4966
4966
4966
4966
4966
4966
4966
4967
4967
4967
4967
4967
4967
4967
4967
4967
4967
4967
4967
4967
4967
4967
4967
4967
4967
4967
4967
4967
4967
4967
4967
4967
4967
4967
4967
4967
4967
4967
4967
4967
4967
4967
4967
4967
4967
4967
4967
4967
4967
4967
4967
4967
4967
4967
4967
4967
4967
4967
4967
4967
4967
4967
4967
4967
4967
4967
4967
4967
4967
4967
4967
4967
4967
4967
4967
4967
4967
4967
4967
4967
4967
4967
4967
4967
4967
4967
4967
4967
4967
4967
4967
4967
4967
4967
4967
4967
4967
4967
4967
4967
4967
4967
4967
4967
4967
4967
4967
4967
4967
4967
4967
4967
4967
4967
4967
4967
4967
4967
4967
4967
4967
4967
4967
4967
4967
4967
4967
4967
4967
4967
4967
4967
4967
4967
4967
4967
4967
4967
4967
4967
4967
4967
4967
4967
4967
4967
4967
4967
4967
4967
4967
4967
4967
4967
4967
4967
4967
4967
4967
4967
4967
4967
4967
4967
4967
4967
4967
4967
4967
4967
4967
4967
4967
4967
4968
4968
4968
4968
4968
4968
4968
4968
4968
4968
4968
4968
4968
4968
4968
4968
4968
4968
4968
4968
4968
4968
4968
4968
4968
4968
4968
4968
4968
4968
4968
4968
4968
4968
4968
4968
4968
4968
4968
4968
4968
4968
4968
4968
4968
4968
4968
4968
4968
4968
4968
4968
4968
4968
4968
4968
4968
4968
4968
4968
4968
4968
4968
4968
4968
4968
4968
4968
4968
4968
4968
4968
4968
4968
4968
4968
4968
4968
4968
4968
4968
4968
4968
4968
4968
4968
4968
4968
4968
4968
4968
4968
4968
4968
4968
4968
4968
4968
4968
4968
4968
4968
4968
4968
4968
4968
4968
4968
4968
4968
4968
4968
4968
4968
4968
4968
4968
4968
4968
4968
4968
4968
4968
4968
4968
4968
4968
4968
4968
4968
4968
4968
4968
4968
4968
4968
4968
4968
4968
4968
4968
4968
4968
4968
4968
4968
4968
4968
4968
4968
4968
4968
4968
4968
4968
4968
4968
4968
4968
4968
4968
4968
4968
4968
4968
4968
4969
4969
4969
4969
4969
4969
4969
4969
4969
4969
4969
4969
4969
4969
4969
4969
4969
4969
4969
4969
4969
4969
4969
4969
4969
4969
4969
4969
4969
4969
4969
4969
4969
4969
4969
4969
4969
4969
4969
4969
4969
4969
4969
4969
4969
4969
4969
4969
4969
4969
4969
4969
4969
4969
4969
4969
4969
4969
4969
4969
4969
4969
4969
4969
4969
4969
4969
4969
4969
4969
4969
4969
4969
4969
4969
4969
4969
4969
4969
4969
4969
4969
4969
4969
4969
4969
4969
4969
4969
4969
4969
4969
4969
4969
4969
4969
4969
4969
4969
4969
4969
4969
4969
4969
4969
4969
4969
4969
4969
4969
4969
4969
4969
4969
4969
4969
4969
4969
4969
4969
4969
4969
4969
4969
4969
4969
4969
4969
4969
4969
4969
4969
4969
4969
4969
4969
4969
4969
4969
4969
4969
4969
4969
4969
4969
4969
4969
4969
4969
4969
4969
4969
4969
4969
4969
4969
4969
4969
4969
4969
4969
4969
4969
4969
4969
4969
4969
4970
4970
4970
4970
4970
4970
4970
4970
4970
4970
4970
4970
4970
4970
4970
4970
4970
4970
4970
4970
4970
4970
4970
4970
4970
4970
4970
4970
4970
4970
4970
4970
4970
4970
4970
4970
4970
4970
4970
4970
4970
4970
4970
4970
4970
4970
4970
4970
4970
4970
4970
4970
4970
4970
4970
4970
4970
4970
4970
4970
4970
4970
4970
4970
4970
4970
4970
4970
4970
4970
4970
4970
4970
4970
4970
4970
4970
4970
4970
4970
4970
4970
4970
4970
4970
4970
4970
4970
4970
4970
4970
4970
4970
4970
4970
4970
4970
4970
4970
4970
4970
4970
4970
4970
4970
4970
4970
4970
4970
4970
4970
4970
4970
4970
4970
4970
4970
4970
4970
4970
4970
4970
4970
4970
4970
4970
4970
4970
4970
4970
4970
4970
4970
4970
4970
4970
4970
4970
4970
4970
4970
4970
4970
4970
4970
4970
4970
4970
4970
4970
4970
4970
4970
4970
4970
4970
4970
4970
4970
4970
4970
4970
4970
4970
4970
4970
4970
4971
4971
4971
4971
4971
4971
4971
4971
4971
4971
4971
4971
4971
4971
4971
4971
4971
4971
4971
4971
4971
4971
4971
4971
4971
4971
4971
4971
4971
4971
4971
4971
4971
4971
4971
4971
4971
4971
4971
4971
4971
4971
4971
4971
4971
4971
4971
4971
4971
4971
4971
4971
4971
4971
4971
4971
4971
4971
4971
4971
4971
4971
4971
4971
4971
4971
4971
4971
4971
4971
4971
4971
4971
4971
4971
4971
4971
4971
4971
4971
4971
4971
4971
4971
4971
4971
4971
4971
4971
4971
4971
4971
4971
4971
4971
4971
4971
4971
4971
4971
4971
4971
4971
4971
4971
4971
4971
4971
4971
4971
4971
4971
4971
4971
4971
4971
4971
4971
4971
4971
4971
4971
4971
4971
4971
4971
4971
4971
4971
4971
4971
4971
4971
4971
4971
4971
4971
4971
4971
4971
4971
4971
4971
4971
4971
4971
4971
4971
4971
4971
4971
4971
4971
4971
4971
4971
4971
4971
4971
4971
4971
4971
4971
4971
4971
4971
4972
4972
4972
4972
4972
4972
4972
4972
4972
4972
4972
4972
4972
4972
4972
4972
4972
4972
4972
4972
4972
4972
4972
4972
4972
4972
4972
4972
4972
4972
4972
4972
4972
4972
4972
4972
4972
4972
4972
4972
4972
4972
4972
4972
4972
4972
4972
4972
4972
4972
4972
4972
4972
4972
4972
4972
4972
4972
4972
4972
4972
4972
4972
4972
4972
4972
4972
4972
4972
4972
4972
4972
4972
4972
4972
4972
4972
4972
4972
4972
4972
4972
4972
4972
4972
4972
4972
4972
4972
4972
4972
4972
4972
4972
4972
4972
4972
4972
4972
4972
4972
4972
4972
4972
4972
4972
4972
4972
4972
4972
4972
4972
4972
4972
4972
4972
4972
4972
4972
4972
4972
4972
4972
4972
4972
4972
4972
4972
4972
4972
4972
4972
4972
4972
4972
4972
4972
4972
4972
4972
4972
4972
4972
4972
4972
4972
4972
4972
4972
4972
4972
4972
4972
4972
4972
4972
4972
4972
4972
4972
4972
4972
4972
4972
4972
4972
4972
4973
4973
4973
4973
4973
4973
4973
4973
4973
4973
4973
4973
4973
4973
4973
4973
4973
4973
4973
4973
4973
4973
4973
4973
4973
4973
4973
4973
4973
4973
4973
4973
4973
4973
4973
4973
4973
4973
4973
4973
4973
4973
4973
4973
4973
4973
4973
4973
4973
4973
4973
4973
4973
4973
4973
4973
4973
4973
4973
4973
4973
4973
4973
4973
4973
4973
4973
4973
4973
4973
4973
4973
4973
4973
4973
4973
4973
4973
4973
4973
4973
4973
4973
4973
4973
4973
4973
4973
4973
4973
4973
4973
4973
4973
4973
4973
4973
4973
4973
4973
4973
4973
4973
4973
4973
4973
4973
4973
4973
4973
4973
4973
4973
4973
4973
4973
4973
4973
4973
4973
4973
4973
4973
4973
4973
4973
4973
4973
4973
4973
4973
4973
4973
4973
4973
4973
4973
4973
4973
4973
4973
4973
4973
4973
4973
4973
4973
4973
4973
4973
4973
4973
4973
4973
4973
4973
4973
4973
4973
4973
4973
4973
4973
4973
4973
4973
4973
4974
4974
4974
4974
4974
4974
4974
4974
4974
4974
4974
4974
4974
4974
4974
4974
4974
4974
4974
4974
4974
4974
4974
4974
4974
4974
4974
4974
4974
4974
4974
4974
4974
4974
4974
4974
4974
4974
4974
4974
4974
4974
4974
4974
4974
4974
4974
4974
4974
4974
4974
4974
4974
4974
4974
4974
4974
4974
4974
4974
4974
4974
4974
4974
4974
4974
4974
4974
4974
4974
4974
4974
4974
4974
4974
4974
4974
4974
4974
4974
4974
4974
4974
4974
4974
4974
4974
4974
4974
4974
4974
4974
4974
4974
4974
4974
4974
4974
4974
4974
4974
4974
4974
4974
4974
4974
4974
4974
4974
4974
4974
4974
4974
4974
4974
4974
4974
4974
4974
4974
4974
4974
4974
4974
4974
4974
4974
4974
4974
4974
4974
4974
4974
4974
4974
4974
4974
4974
4974
4974
4974
4974
4974
4974
4974
4974
4974
4974
4974
4974
4974
4974
4974
4974
4974
4974
4974
4974
4974
4974
4974
4974
4974
4974
4974
4974
4975
4975
4975
4975
4975
4975
4975
4975
4975
4975
4975
4975
4975
4975
4975
4975
4975
4975
4975
4975
4975
4975
4975
4975
4975
4975
4975
4975
4975
4975
4975
4975
4975
4975
4975
4975
4975
4975
4975
4975
4975
4975
4975
4975
4975
4975
4975
4975
4975
4975
4975
4975
4975
4975
4975
4975
4975
4975
4975
4975
4975
4975
4975
4975
4975
4975
4975
4975
4975
4975
4975
4975
4975
4975
4975
4975
4975
4975
4975
4975
4975
4975
4975
4975
4975
4975
4975
4975
4975
4975
4975
4975
4975
4975
4975
4975
4975
4975
4975
4975
4975
4975
4975
4975
4975
4975
4975
4975
4975
4975
4975
4975
4975
4975
4975
4975
4975
4975
4975
4975
4975
4975
4975
4975
4975
4975
4975
4975
4975
4975
4975
4975
4975
4975
4975
4975
4975
4975
4975
4975
4975
4975
4975
4975
4975
4975
4975
4975
4975
4975
4975
4975
4975
4975
4975
4975
4975
4975
4975
4975
4975
4975
4975
4975
4975
4975
4975
4976
4976
4976
4976
4976
4976
4976
4976
4976
4976
4976
4976
4976
4976
4976
4976
4976
4976
4976
4976
4976
4976
4976
4976
4976
4976
4976
4976
4976
4976
4976
4976
4976
4976
4976
4976
4976
4976
4976
4976
4976
4976
4976
4976
4976
4976
4976
4976
4976
4976
4976
4976
4976
4976
4976
4976
4976
4976
4976
4976
4976
4976
4976
4976
4976
4976
4976
4976
4976
4976
4976
4976
4976
4976
4976
4976
4976
4976
4976
4976
4976
4976
4976
4976
4976
4976
4976
4976
4976
4976
4976
4976
4976
4976
4976
4976
4976
4976
4976
4976
4976
4976
4976
4976
4976
4976
4976
4976
4976
4976
4976
4976
4976
4976
4976
4976
4976
4976
4976
4976
4976
4976
4976
4976
4976
4976
4976
4976
4976
4976
4976
4976
4976
4976
4976
4976
4976
4976
4976
4976
4976
4976
4976
4976
4976
4976
4976
4976
4976
4976
4976
4976
4976
4976
4976
4976
4976
4976
4976
4976
4976
4976
4976
4976
4976
4976
4976
4977
4977
4977
4977
4977
4977
4977
4977
4977
4977
4977
4977
4977
4977
4977
4977
4977
4977
4977
4977
4977
4977
4977
4977
4977
4977
4977
4977
4977
4977
4977
4977
4977
4977
4977
4977
4977
4977
4977
4977
4977
4977
4977
4977
4977
4977
4977
4977
4977
4977
4977
4977
4977
4977
4977
4977
4977
4977
4977
4977
4977
4977
4977
4977
4977
4977
4977
4977
4977
4977
4977
4977
4977
4977
4977
4977
4977
4977
4977
4977
4977
4977
4977
4977
4977
4977
4977
4977
4977
4977
4977
4977
4977
4977
4977
4977
4977
4977
4977
4977
4977
4977
4977
4977
4977
4977
4977
4977
4977
4977
4977
4977
4977
4977
4977
4977
4977
4977
4977
4977
4977
4977
4977
4977
4977
4977
4977
4977
4977
4977
4977
4977
4977
4977
4977
4977
4977
4977
4977
4977
4977
4977
4977
4977
4977
4977
4977
4977
4977
4977
4977
4977
4977
4977
4977
4977
4977
4977
4977
4977
4977
4977
4977
4977
4977
4977
4978
4978
4978
4978
4978
4978
4978
4978
4978
4978
4978
4978
4978
4978
4978
4978
4978
4978
4978
4978
4978
4978
4978
4978
4978
4978
4978
4978
4978
4978
4978
4978
4978
4978
4978
4978
4978
4978
4978
4978
4978
4978
4978
4978
4978
4978
4978
4978
4978
4978
4978
4978
4978
4978
4978
4978
4978
4978
4978
4978
4978
4978
4978
4978
4978
4978
4978
4978
4978
4978
4978
4978
4978
4978
4978
4978
4978
4978
4978
4978
4978
4978
4978
4978
4978
4978
4978
4978
4978
4978
4978
4978
4978
4978
4978
4978
4978
4978
4978
4978
4978
4978
4978
4978
4978
4978
4978
4978
4978
4978
4978
4978
4978
4978
4978
4978
4978
4978
4978
4978
4978
4978
4978
4978
4978
4978
4978
4978
4978
4978
4978
4978
4978
4978
4978
4978
4978
4978
4978
4978
4978
4978
4978
4978
4978
4978
4978
4978
4978
4978
4978
4978
4978
4978
4978
4978
4978
4978
4978
4978
4978
4978
4978
4978
4978
4978
4978
4979
4979
4979
4979
4979
4979
4979
4979
4979
4979
4979
4979
4979
4979
4979
4979
4979
4979
4979
4979
4979
4979
4979
4979
4979
4979
4979
4979
4979
4979
4979
4979
4979
4979
4979
4979
4979
4979
4979
4979
4979
4979
4979
4979
4979
4979
4979
4979
4979
4979
4979
4979
4979
4979
4979
4979
4979
4979
4979
4979
4979
4979
4979
4979
4979
4979
4979
4979
4979
4979
4979
4979
4979
4979
4979
4979
4979
4979
4979
4979
4979
4979
4979
4979
4979
4979
4979
4979
4979
4979
4979
4979
4979
4979
4979
4979
4979
4979
4979
4979
4979
4979
4979
4979
4979
4979
4979
4979
4979
4979
4979
4979
4979
4979
4979
4979
4979
4979
4979
4979
4979
4979
4979
4979
4979
4979
4979
4979
4979
4979
4979
4979
4979
4979
4979
4979
4979
4979
4979
4979
4979
4979
4979
4979
4979
4979
4979
4979
4979
4979
4979
4979
4979
4979
4979
4979
4979
4979
4979
4979
4979
4979
4979
4979
4979
4979
4979
4980
4980
4980
4980
4980
4980
4980
4980
4980
4980
4980
4980
4980
4980
4980
4980
4980
4980
4980
4980
4980
4980
4980
4980
4980
4980
4980
4980
4980
4980
4980
4980
4980
4980
4980
4980
4980
4980
4980
4980
4980
4980
4980
4980
4980
4980
4980
4980
4980
4980
4980
4980
4980
4980
4980
4980
4980
4980
4980
4980
4980
4980
4980
4980
4980
4980
4980
4980
4980
4980
4980
4980
4980
4980
4980
4980
4980
4980
4980
4980
4980
4980
4980
4980
4980
4980
4980
4980
4980
4980
4980
4980
4980
4980
4980
4980
4980
4980
4980
4980
4980
4980
4980
4980
4980
4980
4980
4980
4980
4980
4980
4980
4980
4980
4980
4980
4980
4980
4980
4980
4980
4980
4980
4980
4980
4980
4980
4980
4980
4980
4980
4980
4980
4980
4980
4980
4980
4980
4980
4980
4980
4980
4980
4980
4980
4980
4980
4980
4980
4980
4980
4980
4980
4980
4980
4980
4980
4980
4980
4980
4980
4980
4980
4980
4980
4980
4981
4981
4981
4981
4981
4981
4981
4981
4981
4981
4981
4981
4981
4981
4981
4981
4981
4981
4981
4981
4981
4981
4981
4981
4981
4981
4981
4981
4981
4981
4981
4981
4981
4981
4981
4981
4981
4981
4981
4981
4981
4981
4981
4981
4981
4981
4981
4981
4981
4981
4981
4981
4981
4981
4981
4981
4981
4981
4981
4981
4981
4981
4981
4981
4981
4981
4981
4981
4981
4981
4981
4981
4981
4981
4981
4981
4981
4981
4981
4981
4981
4981
4981
4981
4981
4981
4981
4981
4981
4981
4981
4981
4981
4981
4981
4981
4981
4981
4981
4981
4981
4981
4981
4981
4981
4981
4981
4981
4981
4981
4981
4981
4981
4981
4981
4981
4981
4981
4981
4981
4981
4981
4981
4981
4981
4981
4981
4981
4981
4981
4981
4981
4981
4981
4981
4981
4981
4981
4981
4981
4981
4981
4981
4981
4981
4981
4981
4981
4981
4981
4981
4981
4981
4981
4981
4981
4981
4981
4981
4981
4981
4981
4981
4981
4981
4981
4981
4982
4982
4982
4982
4982
4982
4982
4982
4982
4982
4982
4982
4982
4982
4982
4982
4982
4982
4982
4982
4982
4982
4982
4982
4982
4982
4982
4982
4982
4982
4982
4982
4982
4982
4982
4982
4982
4982
4982
4982
4982
4982
4982
4982
4982
4982
4982
4982
4982
4982
4982
4982
4982
4982
4982
4982
4982
4982
4982
4982
4982
4982
4982
4982
4982
4982
4982
4982
4982
4982
4982
4982
4982
4982
4982
4982
4982
4982
4982
4982
4982
4982
4982
4982
4982
4982
4982
4982
4982
4982
4982
4982
4982
4982
4982
4982
4982
4982
4982
4982
4982
4982
4982
4982
4982
4982
4982
4982
4982
4982
4982
4982
4982
4982
4982
4982
4982
4982
4982
4982
4982
4982
4982
4982
4982
4982
4982
4982
4982
4982
4982
4982
4982
4982
4982
4982
4982
4982
4982
4982
4982
4982
4982
4982
4982
4982
4982
4982
4982
4982
4982
4982
4982
4982
4982
4982
4982
4982
4982
4982
4982
4982
4982
4982
4982
4982
4982
4983
4983
4983
4983
4983
4983
4983
4983
4983
4983
4983
4983
4983
4983
4983
4983
4983
4983
4983
4983
4983
4983
4983
4983
4983
4983
4983
4983
4983
4983
4983
4983
4983
4983
4983
4983
4983
4983
4983
4983
4983
4983
4983
4983
4983
4983
4983
4983
4983
4983
4983
4983
4983
4983
4983
4983
4983
4983
4983
4983
4983
4983
4983
4983
4983
4983
4983
4983
4983
4983
4983
4983
4983
4983
4983
4983
4983
4983
4983
4983
4983
4983
4983
4983
4983
4983
4983
4983
4983
4983
4983
4983
4983
4983
4983
4983
4983
4983
4983
4983
4983
4983
4983
4983
4983
4983
4983
4983
4983
4983
4983
4983
4983
4983
4983
4983
4983
4983
4983
4983
4983
4983
4983
4983
4983
4983
4983
4983
4983
4983
4983
4983
4983
4983
4983
4983
4983
4983
4983
4983
4983
4983
4983
4983
4983
4983
4983
4983
4983
4983
4983
4983
4983
4983
4983
4983
4983
4983
4983
4983
4983
4983
4983
4983
4983
4983
4984
4984
4984
4984
4984
4984
4984
4984
4984
4984
4984
4984
4984
4984
4984
4984
4984
4984
4984
4984
4984
4984
4984
4984
4984
4984
4984
4984
4984
4984
4984
4984
4984
4984
4984
4984
4984
4984
4984
4984
4984
4984
4984
4984
4984
4984
4984
4984
4984
4984
4984
4984
4984
4984
4984
4984
4984
4984
4984
4984
4984
4984
4984
4984
4984
4984
4984
4984
4984
4984
4984
4984
4984
4984
4984
4984
4984
4984
4984
4984
4984
4984
4984
4984
4984
4984
4984
4984
4984
4984
4984
4984
4984
4984
4984
4984
4984
4984
4984
4984
4984
4984
4984
4984
4984
4984
4984
4984
4984
4984
4984
4984
4984
4984
4984
4984
4984
4984
4984
4984
4984
4984
4984
4984
4984
4984
4984
4984
4984
4984
4984
4984
4984
4984
4984
4984
4984
4984
4984
4984
4984
4984
4984
4984
4984
4984
4984
4984
4984
4984
4984
4984
4984
4984
4984
4984
4984
4984
4984
4984
4984
4984
4984
4984
4984
4984
4984
4985
4985
4985
4985
4985
4985
4985
4985
4985
4985
4985
4985
4985
4985
4985
4985
4985
4985
4985
4985
4985
4985
4985
4985
4985
4985
4985
4985
4985
4985
4985
4985
4985
4985
4985
4985
4985
4985
4985
4985
4985
4985
4985
4985
4985
4985
4985
4985
4985
4985
4985
4985
4985
4985
4985
4985
4985
4985
4985
4985
4985
4985
4985
4985
4985
4985
4985
4985
4985
4985
4985
4985
4985
4985
4985
4985
4985
4985
4985
4985
4985
4985
4985
4985
4985
4985
4985
4985
4985
4985
4985
4985
4985
4985
4985
4985
4985
4985
4985
4985
4985
4985
4985
4985
4985
4985
4985
4985
4985
4985
4985
4985
4985
4985
4985
4985
4985
4985
4985
4985
4985
4985
4985
4985
4985
4985
4985
4985
4985
4985
4985
4985
4985
4985
4985
4985
4985
4985
4985
4985
4985
4985
4985
4985
4985
4985
4985
4985
4985
4985
4985
4985
4985
4985
4985
4985
4985
4985
4985
4985
4985
4985
4985
4985
4985
4985
4985
4986
4986
4986
4986
4986
4986
4986
4986
4986
4986
4986
4986
4986
4986
4986
4986
4986
4986
4986
4986
4986
4986
4986
4986
4986
4986
4986
4986
4986
4986
4986
4986
4986
4986
4986
4986
4986
4986
4986
4986
4986
4986
4986
4986
4986
4986
4986
4986
4986
4986
4986
4986
4986
4986
4986
4986
4986
4986
4986
4986
4986
4986
4986
4986
4986
4986
4986
4986
4986
4986
4986
4986
4986
4986
4986
4986
4986
4986
4986
4986
4986
4986
4986
4986
4986
4986
4986
4986
4986
4986
4986
4986
4986
4986
4986
4986
4986
4986
4986
4986
4986
4986
4986
4986
4986
4986
4986
4986
4986
4986
4986
4986
4986
4986
4986
4986
4986
4986
4986
4986
4986
4986
4986
4986
4986
4986
4986
4986
4986
4986
4986
4986
4986
4986
4986
4986
4986
4986
4986
4986
4986
4986
4986
4986
4986
4986
4986
4986
4986
4986
4986
4986
4986
4986
4986
4986
4986
4986
4986
4986
4986
4986
4986
4986
4986
4986
4987
4987
4987
4987
4987
4987
4987
4987
4987
4987
4987
4987
4987
4987
4987
4987
4987
4987
4987
4987
4987
4987
4987
4987
4987
4987
4987
4987
4987
4987
4987
4987
4987
4987
4987
4987
4987
4987
4987
4987
4987
4987
4987
4987
4987
4987
4987
4987
4987
4987
4987
4987
4987
4987
4987
4987
4987
4987
4987
4987
4987
4987
4987
4987
4987
4987
4987
4987
4987
4987
4987
4987
4987
4987
4987
4987
4987
4987
4987
4987
4987
4987
4987
4987
4987
4987
4987
4987
4987
4987
4987
4987
4987
4987
4987
4987
4987
4987
4987
4987
4987
4987
4987
4987
4987
4987
4987
4987
4987
4987
4987
4987
4987
4987
4987
4987
4987
4987
4987
4987
4987
4987
4987
4987
4987
4987
4987
4987
4987
4987
4987
4987
4987
4987
4987
4987
4987
4987
4987
4987
4987
4987
4987
4987
4987
4987
4987
4987
4987
4987
4987
4987
4987
4987
4987
4987
4987
4987
4987
4987
4987
4987
4987
4987
4987
4987
4987
4988
4988
4988
4988
4988
4988
4988
4988
4988
4988
4988
4988
4988
4988
4988
4988
4988
4988
4988
4988
4988
4988
4988
4988
4988
4988
4988
4988
4988
4988
4988
4988
4988
4988
4988
4988
4988
4988
4988
4988
4988
4988
4988
4988
4988
4988
4988
4988
4988
4988
4988
4988
4988
4988
4988
4988
4988
4988
4988
4988
4988
4988
4988
4988
4988
4988
4988
4988
4988
4988
4988
4988
4988
4988
4988
4988
4988
4988
4988
4988
4988
4988
4988
4988
4988
4988
4988
4988
4988
4988
4988
4988
4988
4988
4988
4988
4988
4988
4988
4988
4988
4988
4988
4988
4988
4988
4988
4988
4988
4988
4988
4988
4988
4988
4988
4988
4988
4988
4988
4988
4988
4988
4988
4988
4988
4988
4988
4988
4988
4988
4988
4988
4988
4988
4988
4988
4988
4988
4988
4988
4988
4988
4988
4988
4988
4988
4988
4988
4988
4988
4988
4988
4988
4988
4988
4988
4988
4988
4988
4988
4988
4988
4988
4988
4988
4988
4988
4989
4989
4989
4989
4989
4989
4989
4989
4989
4989
4989
4989
4989
4989
4989
4989
4989
4989
4989
4989
4989
4989
4989
4989
4989
4989
4989
4989
4989
4989
4989
4989
4989
4989
4989
4989
4989
4989
4989
4989
4989
4989
4989
4989
4989
4989
4989
4989
4989
4989
4989
4989
4989
4989
4989
4989
4989
4989
4989
4989
4989
4989
4989
4989
4989
4989
4989
4989
4989
4989
4989
4989
4989
4989
4989
4989
4989
4989
4989
4989
4989
4989
4989
4989
4989
4989
4989
4989
4989
4989
4989
4989
4989
4989
4989
4989
4989
4989
4989
4989
4989
4989
4989
4989
4989
4989
4989
4989
4989
4989
4989
4989
4989
4989
4989
4989
4989
4989
4989
4989
4989
4989
4989
4989
4989
4989
4989
4989
4989
4989
4989
4989
4989
4989
4989
4989
4989
4989
4989
4989
4989
4989
4989
4989
4989
4989
4989
4989
4989
4989
4989
4989
4989
4989
4989
4989
4989
4989
4989
4989
4989
4989
4989
4989
4989
4989
4990
4990
4990
4990
4990
4990
4990
4990
4990
4990
4990
4990
4990
4990
4990
4990
4990
4990
4990
4990
4990
4990
4990
4990
4990
4990
4990
4990
4990
4990
4990
4990
4990
4990
4990
4990
4990
4990
4990
4990
4990
4990
4990
4990
4990
4990
4990
4990
4990
4990
4990
4990
4990
4990
4990
4990
4990
4990
4990
4990
4990
4990
4990
4990
4990
4990
4990
4990
4990
4990
4990
4990
4990
4990
4990
4990
4990
4990
4990
4990
4990
4990
4990
4990
4990
4990
4990
4990
4990
4990
4990
4990
4990
4990
4990
4990
4990
4990
4990
4990
4990
4990
4990
4990
4990
4990
4990
4990
4990
4990
4990
4990
4990
4990
4990
4990
4990
4990
4990
4990
4990
4990
4990
4990
4990
4990
4990
4990
4990
4990
4990
4990
4990
4990
4990
4990
4990
4990
4990
4990
4990
4990
4990
4990
4990
4990
4990
4990
4990
4990
4990
4990
4990
4990
4990
4990
4990
4990
4990
4990
4990
4990
4990
4990
4990
4990
4990
4991
4991
4991
4991
4991
4991
4991
4991
4991
4991
4991
4991
4991
4991
4991
4991
4991
4991
4991
4991
4991
4991
4991
4991
4991
4991
4991
4991
4991
4991
4991
4991
4991
4991
4991
4991
4991
4991
4991
4991
4991
4991
4991
4991
4991
4991
4991
4991
4991
4991
4991
4991
4991
4991
4991
4991
4991
4991
4991
4991
4991
4991
4991
4991
4991
4991
4991
4991
4991
4991
4991
4991
4991
4991
4991
4991
4991
4991
4991
4991
4991
4991
4991
4991
4991
4991
4991
4991
4991
4991
4991
4991
4991
4991
4991
4991
4991
4991
4991
4991
4991
4991
4991
4991
4991
4991
4991
4991
4991
4991
4991
4991
4991
4991
4991
4991
4991
4991
4991
4991
4991
4991
4991
4991
4991
4991
4991
4991
4991
4991
4991
4991
4991
4991
4991
4991
4991
4991
4991
4991
4991
4991
4991
4991
4991
4991
4991
4991
4991
4991
4991
4991
4991
4991
4991
4991
4991
4991
4991
4991
4991
4991
4991
4991
4991
4991
4991
4992
4992
4992
4992
4992
4992
4992
4992
4992
4992
4992
4992
4992
4992
4992
4992
4992
4992
4992
4992
4992
4992
4992
4992
4992
4992
4992
4992
4992
4992
4992
4992
4992
4992
4992
4992
4992
4992
4992
4992
4992
4992
4992
4992
4992
4992
4992
4992
4992
4992
4992
4992
4992
4992
4992
4992
4992
4992
4992
4992
4992
4992
4992
4992
4992
4992
4992
4992
4992
4992
4992
4992
4992
4992
4992
4992
4992
4992
4992
4992
4992
4992
4992
4992
4992
4992
4992
4992
4992
4992
4992
4992
4992
4992
4992
4992
4992
4992
4992
4992
4992
4992
4992
4992
4992
4992
4992
4992
4992
4992
4992
4992
4992
4992
4992
4992
4992
4992
4992
4992
4992
4992
4992
4992
4992
4992
4992
4992
4992
4992
4992
4992
4992
4992
4992
4992
4992
4992
4992
4992
4992
4992
4992
4992
4992
4992
4992
4992
4992
4992
4992
4992
4992
4992
4992
4992
4992
4992
4992
4992
4992
4992
4992
4992
4992
4992
4993
4993
4993
4993
4993
4993
4993
4993
4993
4993
4993
4993
4993
4993
4993
4993
4993
4993
4993
4993
4993
4993
4993
4993
4993
4993
4993
4993
4993
4993
4993
4993
4993
4993
4993
4993
4993
4993
4993
4993
4993
4993
4993
4993
4993
4993
4993
4993
4993
4993
4993
4993
4993
4993
4993
4993
4993
4993
4993
4993
4993
4993
4993
4993
4993
4993
4993
4993
4993
4993
4993
4993
4993
4993
4993
4993
4993
4993
4993
4993
4993
4993
4993
4993
4993
4993
4993
4993
4993
4993
4993
4993
4993
4993
4993
4993
4993
4993
4993
4993
4993
4993
4993
4993
4993
4993
4993
4993
4993
4993
4993
4993
4993
4993
4993
4993
4993
4993
4993
4993
4993
4993
4993
4993
4993
4993
4993
4993
4993
4993
4993
4993
4993
4993
4993
4993
4993
4993
4993
4993
4993
4993
4993
4993
4993
4993
4993
4993
4993
4993
4993
4993
4993
4993
4993
4993
4993
4993
4993
4993
4993
4993
4993
4993
4993
4993
4993
4994
4994
4994
4994
4994
4994
4994
4994
4994
4994
4994
4994
4994
4994
4994
4994
4994
4994
4994
4994
4994
4994
4994
4994
4994
4994
4994
4994
4994
4994
4994
4994
4994
4994
4994
4994
4994
4994
4994
4994
4994
4994
4994
4994
4994
4994
4994
4994
4994
4994
4994
4994
4994
4994
4994
4994
4994
4994
4994
4994
4994
4994
4994
4994
4994
4994
4994
4994
4994
4994
4994
4994
4994
4994
4994
4994
4994
4994
4994
4994
4994
4994
4994
4994
4994
4994
4994
4994
4994
4994
4994
4994
4994
4994
4994
4994
4994
4994
4994
4994
4994
4994
4994
4994
4994
4994
4994
4994
4994
4994
4994
4994
4994
4994
4994
4994
4994
4994
4994
4994
4994
4994
4994
4994
4994
4994
4994
4994
4994
4994
4994
4994
4994
4994
4994
4994
4994
4994
4994
4994
4994
4994
4994
4994
4994
4994
4994
4994
4994
4994
4994
4994
4994
4994
4994
4994
4994
4994
4994
4994
4994
4994
4994
4994
4994
4994
4994
4995
4995
4995
4995
4995
4995
4995
4995
4995
4995
4995
4995
4995
4995
4995
4995
4995
4995
4995
4995
4995
4995
4995
4995
4995
4995
4995
4995
4995
4995
4995
4995
4995
4995
4995
4995
4995
4995
4995
4995
4995
4995
4995
4995
4995
4995
4995
4995
4995
4995
4995
4995
4995
4995
4995
4995
4995
4995
4995
4995
4995
4995
4995
4995
4995
4995
4995
4995
4995
4995
4995
4995
4995
4995
4995
4995
4995
4995
4995
4995
4995
4995
4995
4995
4995
4995
4995
4995
4995
4995
4995
4995
4995
4995
4995
4995
4995
4995
4995
4995
4995
4995
4995
4995
4995
4995
4995
4995
4995
4995
4995
4995
4995
4995
4995
4995
4995
4995
4995
4995
4995
4995
4995
4995
4995
4995
4995
4995
4995
4995
4995
4995
4995
4995
4995
4995
4995
4995
4995
4995
4995
4995
4995
4995
4995
4995
4995
4995
4995
4995
4995
4995
4995
4995
4995
4995
4995
4995
4995
4995
4995
4995
4995
4995
4995
4995
4996
4996
4996
4996
4996
4996
4996
4996
4996
4996
4996
4996
4996
4996
4996
4996
4996
4996
4996
4996
4996
4996
4996
4996
4996
4996
4996
4996
4996
4996
4996
4996
4996
4996
4996
4996
4996
4996
4996
4996
4996
4996
4996
4996
4996
4996
4996
4996
4996
4996
4996
4996
4996
4996
4996
4996
4996
4996
4996
4996
4996
4996
4996
4996
4996
4996
4996
4996
4996
4996
4996
4996
4996
4996
4996
4996
4996
4996
4996
4996
4996
4996
4996
4996
4996
4996
4996
4996
4996
4996
4996
4996
4996
4996
4996
4996
4996
4996
4996
4996
4996
4996
4996
4996
4996
4996
4996
4996
4996
4996
4996
4996
4996
4996
4996
4996
4996
4996
4996
4996
4996
4996
4996
4996
4996
4996
4996
4996
4996
4996
4996
4996
4996
4996
4996
4996
4996
4996
4996
4996
4996
4996
4996
4996
4996
4996
4996
4996
4996
4996
4996
4996
4996
4996
4996
4996
4996
4996
4996
4996
4996
4996
4996
4996
4996
4996
4996
4997
4997
4997
4997
4997
4997
4997
4997
4997
4997
4997
4997
4997
4997
4997
4997
4997
4997
4997
4997
4997
4997
4997
4997
4997
4997
4997
4997
4997
4997
4997
4997
4997
4997
4997
4997
4997
4997
4997
4997
4997
4997
4997
4997
4997
4997
4997
4997
4997
4997
4997
4997
4997
4997
4997
4997
4997
4997
4997
4997
4997
4997
4997
4997
4997
4997
4997
4997
4997
4997
4997
4997
4997
4997
4997
4997
4997
4997
4997
4997
4997
4997
4997
4997
4997
4997
4997
4997
4997
4997
4997
4997
4997
4997
4997
4997
4997
4997
4997
4997
4997
4997
4997
4997
4997
4997
4997
4997
4997
4997
4997
4997
4997
4997
4997
4997
4997
4997
4997
4997
4997
4997
4997
4997
4997
4997
4997
4997
4997
4997
4997
4997
4997
4997
4997
4997
4997
4997
4997
4997
4997
4997
4997
4997
4997
4997
4997
4997
4997
4997
4997
4997
4997
4997
4997
4997
4997
4997
4997
4997
4997
4997
4997
4997
4997
4997
4997
4998
4998
4998
4998
4998
4998
4998
4998
4998
4998
4998
4998
4998
4998
4998
4998
4998
4998
4998
4998
4998
4998
4998
4998
4998
4998
4998
4998
4998
4998
4998
4998
4998
4998
4998
4998
4998
4998
4998
4998
4998
4998
4998
4998
4998
4998
4998
4998
4998
4998
4998
4998
4998
4998
4998
4998
4998
4998
4998
4998
4998
4998
4998
4998
4998
4998
4998
4998
4998
4998
4998
4998
4998
4998
4998
4998
4998
4998
4998
4998
4998
4998
4998
4998
4998
4998
4998
4998
4998
4998
4998
4998
4998
4998
4998
4998
4998
4998
4998
4998
4998
4998
4998
4998
4998
4998
4998
4998
4998
4998
4998
4998
4998
4998
4998
4998
4998
4998
4998
4998
4998
4998
4998
4998
4998
4998
4998
4998
4998
4998
4998
4998
4998
4998
4998
4998
4998
4998
4998
4998
4998
4998
4998
4998
4998
4998
4998
4998
4998
4998
4998
4998
4998
4998
4998
4998
4998
4998
4998
4998
4998
4998
4998
4998
4998
4998
4999
4999
4999
4999
4999
4999
4999
4999
4999
4999
4999
4999
4999
4999
4999
4999
4999
4999
4999
4999
4999
4999
4999
4999
4999
4999
4999
4999
4999
4999
4999
4999
4999
4999
4999
4999
4999
4999
4999
4999
4999
4999
4999
4999
4999
4999
4999
4999
4999
4999
4999
4999
4999
4999
4999
4999
4999
4999
4999
4999
4999
4999
4999
4999
4999
4999
4999
4999
4999
4999
4999
4999
4999
4999
4999
4999
4999
4999
4999
4999
4999
4999
4999
4999
4999
4999
4999
4999
4999
4999
4999
4999
4999
4999
4999
4999
4999
4999
4999
4999
4999
4999
4999
4999
4999
4999
4999
4999
4999
4999
4999
4999
4999
4999
4999
4999
4999
4999
4999
4999
4999
4999
4999
4999
4999
4999
4999
4999
4999
4999
4999
4999
4999
4999
4999
4999
4999
4999
4999
4999
4999
4999
4999
4999
4999
4999
4999
4999
4999
4999
4999
4999
4999
4999
4999
4999
4999
4999
4999
4999
4999
4999
4999
4999
4999
4999
4999
5000
5000
5000
5000
5000
5000
5000
5000
5000
5000
5000
5000
5000
5000
5000
5000
5000
5000
5000
5000
5000
5000
5000
5000
5000
5000
5000
5000
5000
5000
5000
5000
5000
5000
5000
5000
5000
5000
5000
5000
5000
5000
5000
5000
5000
5000
5000
5000
5000
5000
5000
5000
5000
5000
5000
5000
5000
5000
5000
5000
5000
5000
5000
5000
5000
5000
5000
5000
5000
5000
5000
5000
5000
5000
5000
5000
5000
5000
5000
5000
5000
5000
5000
5000
5000
5000
5000
5000
5000
5000
5000
5000
5000
5000
5000
5000
5000
5000
5000
5000
5000
5000
5000
5000
5000
5000
5000
5000
5000
5000
5000
5000
5000
5000
5000
5000
5000
5000
5000
5000
5000
5000
5000
5000
5000
5000
5000
5000
5000
5000
5000
5000
5000
5000
5000
5000
5000
5000
5000
5000
5000
5000
5000
5000
5000
5000
5000
5000
5000
5000
5000
5000
5000
5000
5000
5000
5000
5000
5000
5000
5000
5000
5000
5000
5000
5000
