1
3
6
8
11
13
16
18
21
23
26
28
31
33
36
38
41
43
46
48
51
53
55
58
60
62
65
67
70
72
74
77
79
81
84
86
89
91
93
96
98
101
103
105
108
110
112
115
117
120
122
124
127
129
131
134
136
139
141
143
146
148
151
153
155
158
160
162
165
167
170
172
174
177
179
181
184
186
189
191
193
196
198
201
203
205
208
210
212
215
217
220
222
224
227
229
231
234
236
239
241
243
246
248
251
253
255
258
260
262
265
267
270
272
274
277
279
281
284
286
289
291
293
296
298
301
303
306
308
311
313
316
318
321
323
326
328
331
333
336
338
341
343
346
348
351
353
355
358
360
362
365
367
370
372
374
377
379
381
384
386
389
391
393
396
398
401
403
405
408
410
412
415
417
420
422
424
427
429
431
434
436
439
441
443
446
448
451
453
455
458
460
462
465
467
470
472
474
477
479
481
484
486
489
491
493
496
498
501
503
505
508
510
512
515
517
520
522
524
527
529
531
534
536
539
541
543
546
548
551
553
555
558
560
562
565
567
570
572
574
577
579
581
584
586
589
591
593
596
598
601
603
606
608
611
613
616
618
621
623
626
628
631
633
636
638
641
643
646
648
651
653
655
658
660
662
665
667
670
672
674
677
679
681
684
686
689
691
693
696
698
701
703
705
708
710
712
715
717
720
722
724
727
729
731
734
736
739
741
743
746
748
751
753
755
758
760
762
765
767
770
772
774
777
779
781
784
786
789
791
793
796
798
801
803
805
808
810
812
815
817
820
822
824
827
829
831
834
836
839
841
843
846
848
851
853
855
858
860
862
865
867
870
872
874
877
879
881
884
886
889
891
893
896
898
901
903
906
908
911
913
916
918
921
923
926
928
931
933
936
938
941
943
946
948
951
953
955
958
960
962
965
967
970
972
974
977
979
981
984
986
989
991
993
996
998
1001
1003
1005
1008
1010
1012
1015
1017
1020
1022
1024
1027
1029
1031
1034
1036
1039
1041
1043
1046
1048
1051
1052
1054
1055
1057
1058
1060
1061
1063
1065
1066
1068
1069
1071
1072
1074
1076
1077
1079
1080
1082
1083
1085
1086
1088
1090
1091
1093
1094
1096
1097
1099
