1
26
51
76
101
126
151
176
201
226
251
276
301
326
351
376
401
426
451
476
501
526
551
567
584
601
626
651
676
701
726
751
776
801
826
851
876
901
926
951
976
1001
1026
1051
1076
1101
1126
1151
1167
1184
1201
1226
1251
1276
1301
1326
1351
1376
1401
1426
1451
1476
1501
1526
1551
1576
1601
1626
1651
1676
1701
1726
1751
1767
1784
1801
1826
1851
1876
1901
1926
1951
1976
2001
2026
2051
2076
2101
2126
2151
2176
2201
2226
2251
2276
2301
2326
2351
2367
2384
2401
2426
2451
2476
2501
2526
2551
2576
2601
2626
2651
2676
2701
2726
2751
2776
2801
2826
2851
2876
2901
2926
2951
2967
2984
3001
3026
3051
3076
3101
3126
3151
3176
3201
3226
3251
3276
3301
3326
3351
3376
3401
3426
3451
3476
3501
3526
3551
3567
3584
3601
3626
3651
3676
3701
3726
3751
3776
3801
3826
3851
3876
3901
3926
3951
3976
4001
4026
4051
4076
4101
4126
4151
4167
4184
4201
4226
4251
4276
4301
4326
4351
4376
4401
4426
4451
4476
4501
4526
4551
4576
4601
4626
4651
4676
4701
4726
4751
4767
4784
4801
4826
4851
4876
4901
4926
4951
4976
5001
5026
5051
5076
5101
5126
5151
5176
5201
5201
5201
5201
5201
5201
5201
5201
5201
5201
5201
5201
5201
5201
5201
5201
5201
5201
5201
5201
5201
5201
5201
5201
5201
5201
5201
5201
5201
5201
5201
5201
5201
5201
5201
5201
5201
5201
5201
5201
5201
5201
5201
5201
5201
5201
5201
5201
5201
5201
5201
5201
5201
5201
5201
5201
5201
5201
5201
5201
5201
5201
5201
5201
5201
5201
5201
5201
5201
5201
5201
5201
5201
5201
5201
5201
5201
5201
5201
5201
5201
5201
5201
5201
5201
5201
5201
5201
5201
5201
5201
5201
5201
5201
5201
5201
5201
5201
5201
5201
5201
5201
5201
5201
5201
5201
5201
5201
5201
5201
5201
5201
5201
5201
5201
5201
5201
5201
5201
5201
5201
5201
5201
5201
5201
5201
5201
5201
5201
5201
5201
5201
5201
5201
5201
5201
5201
5201
5201
5201
5201
5201
5201
5201
5201
5201
5201
5201
5201
5201
5201
5201
5201
5201
5201
5201
5201
5201
5201
5201
5201
5201
5201
5201
5201
5201
5201
5202
5202
5202
5202
5202
5202
5202
5202
5202
5202
5202
5202
5202
5202
5202
5202
5202
5202
5202
5202
5202
5202
5202
5202
5202
5202
5202
5202
5202
5202
5202
5202
5202
5202
5202
5202
5202
5202
5202
5202
5202
5202
5202
5202
5202
5202
5202
5202
5202
5202
5202
5202
5202
5202
5202
5202
5202
5202
5202
5202
5202
5202
5202
5202
5202
5202
5202
5202
5202
5202
5202
5202
5202
5202
5202
5202
5202
5202
5202
5202
5202
5202
5202
5202
5202
5202
5202
5202
5202
5202
5202
5202
5202
5202
5202
5202
5202
5202
5202
5202
5202
5202
5202
5202
5202
5202
5202
5202
5202
5202
5202
5202
5202
5202
5202
5202
5202
5202
5202
5202
5202
5202
5202
5202
5202
5202
5202
5202
5202
5202
5202
5202
5202
5202
5202
5202
5202
5202
5202
5202
5202
5202
5202
5202
5202
5202
5202
5202
5202
5202
5202
5202
5202
5202
5202
5202
5202
5202
5202
5202
5202
5202
5202
5202
5202
5202
5202
5203
5203
5203
5203
5203
5203
5203
5203
5203
5203
5203
5203
5203
5203
5203
5203
5203
5203
5203
5203
5203
5203
5203
5203
5203
5203
5203
5203
5203
5203
5203
5203
5203
5203
5203
5203
5203
5203
5203
5203
5203
5203
5203
5203
5203
5203
5203
5203
5203
5203
5203
5203
5203
5203
5203
5203
5203
5203
5203
5203
5203
5203
5203
5203
5203
5203
5203
5203
5203
5203
5203
5203
5203
5203
5203
5203
5203
5203
5203
5203
5203
5203
5203
5203
5203
5203
5203
5203
5203
5203
5203
5203
5203
5203
5203
5203
5203
5203
5203
5203
5203
5203
5203
5203
5203
5203
5203
5203
5203
5203
5203
5203
5203
5203
5203
5203
5203
5203
5203
5203
5203
5203
5203
5203
5203
5203
5203
5203
5203
5203
5203
5203
5203
5203
5203
5203
5203
5203
5203
5203
5203
5203
5203
5203
5203
5203
5203
5203
5203
5203
5203
5203
5203
5203
5203
5203
5203
5203
5203
5203
5203
5203
5203
5203
5203
5203
5203
5204
5204
5204
5204
5204
5204
5204
5204
5204
5204
5204
5204
5204
5204
5204
5204
5204
5204
5204
5204
5204
5204
5204
5204
5204
5204
5204
5204
5204
5204
5204
5204
5204
5204
5204
5204
5204
5204
5204
5204
5204
5204
5204
5204
5204
5204
5204
5204
5204
5204
5204
5204
5204
5204
5204
5204
5204
5204
5204
5204
5204
5204
5204
5204
5204
5204
5204
5204
5204
5204
5204
5204
5204
5204
5204
5204
5204
5204
5204
5204
5204
5204
5204
5204
5204
5204
5204
5204
5204
5204
5204
5204
5204
5204
5204
5204
5204
5204
5204
5204
5204
5204
5204
5204
5204
5204
5204
5204
5204
5204
5204
5204
5204
5204
5204
5204
5204
5204
5204
5204
5204
5204
5204
5204
5204
5204
5204
5204
5204
5204
5204
5204
5204
5204
5204
5204
5204
5204
5204
5204
5204
5204
5204
5204
5204
5204
5204
5204
5204
5204
5204
5204
5204
5204
5204
5204
5204
5204
5204
5204
5204
5204
5204
5204
5204
5204
5205
5205
5205
5205
5205
5205
5205
5205
5205
5205
5205
5205
5205
5205
5205
5205
5205
5205
5205
5205
5205
5205
5205
5205
5205
5205
5205
5205
5205
5205
5205
5205
5205
5205
5205
5205
5205
5205
5205
5205
5205
5205
5205
5205
5205
5205
5205
5205
5205
5205
5205
5205
5205
5205
5205
5205
5205
5205
5205
5205
5205
5205
5205
5205
5205
5205
5205
5205
5205
5205
5205
5205
5205
5205
5205
5205
5205
5205
5205
5205
5205
5205
5205
5205
5205
5205
5205
5205
5205
5205
5205
5205
5205
5205
5205
5205
5205
5205
5205
5205
5205
5205
5205
5205
5205
5205
5205
5205
5205
5205
5205
5205
5205
5205
5205
5205
5205
5205
5205
5205
5205
5205
5205
5205
5205
5205
5205
5205
5205
5205
5205
5205
5205
5205
5205
5205
5205
5205
5205
5205
5205
5205
5205
5205
5205
5205
5205
5205
5205
5205
5205
5205
5205
5205
5205
5205
5205
5205
5205
5205
5205
5205
5205
5205
5205
5205
5205
5206
5206
5206
5206
5206
5206
5206
5206
5206
5206
5206
5206
5206
5206
5206
5206
5206
5206
5206
5206
5206
5206
5206
5206
5206
5206
5206
5206
5206
5206
5206
5206
5206
5206
5206
5206
5206
5206
5206
5206
5206
5206
5206
5206
5206
5206
5206
5206
5206
5206
5206
5206
5206
5206
5206
5206
5206
5206
5206
5206
5206
5206
5206
5206
5206
5206
5206
5206
5206
5206
5206
5206
5206
5206
5206
5206
5206
5206
5206
5206
5206
5206
5206
5206
5206
5206
5206
5206
5206
5206
5206
5206
5206
5206
5206
5206
5206
5206
5206
5206
5206
5206
5206
5206
5206
5206
5206
5206
5206
5206
5206
5206
5206
5206
5206
5206
5206
5206
5206
5206
5206
5206
5206
5206
5206
5206
5206
5206
5206
5206
5206
5206
5206
5206
5206
5206
5206
5206
5206
5206
5206
5206
5206
5206
5206
5206
5206
5206
5206
5206
5206
5206
5206
5206
5206
5206
5206
5206
5206
5206
5206
5206
5206
5206
5206
5206
5206
5207
5207
5207
5207
5207
5207
5207
5207
5207
5207
5207
5207
5207
5207
5207
5207
5207
5207
5207
5207
5207
5207
5207
5207
5207
5207
5207
5207
5207
5207
5207
5207
5207
5207
5207
5207
5207
5207
5207
5207
5207
5207
5207
5207
5207
5207
5207
5207
5207
5207
5207
5207
5207
5207
5207
5207
5207
5207
5207
5207
5207
5207
5207
5207
5207
5207
5207
5207
5207
5207
5207
5207
5207
5207
5207
5207
5207
5207
5207
5207
5207
5207
5207
5207
5207
5207
5207
5207
5207
5207
5207
5207
5207
5207
5207
5207
5207
5207
5207
5207
5207
5207
5207
5207
5207
5207
5207
5207
5207
5207
5207
5207
5207
5207
5207
5207
5207
5207
5207
5207
5207
5207
5207
5207
5207
5207
5207
5207
5207
5207
5207
5207
5207
5207
5207
5207
5207
5207
5207
5207
5207
5207
5207
5207
5207
5207
5207
5207
5207
5207
5207
5207
5207
5207
5207
5207
5207
5207
5207
5207
5207
5207
5207
5207
5207
5207
5208
5208
5208
5208
5208
5208
5208
5208
5208
5208
5208
5208
5208
5208
5208
5208
5208
5208
5208
5208
5208
5208
5208
5208
5208
5208
5208
5208
5208
5208
5208
5208
5208
5208
5208
5208
5208
5208
5208
5208
5208
5208
5208
5208
5208
5208
5208
5208
5208
5208
5208
5208
5208
5208
5208
5208
5208
5208
5208
5208
5208
5208
5208
5208
5208
5208
5208
5208
5208
5208
5208
5208
5208
5208
5208
5208
5208
5208
5208
5208
5208
5208
5208
5208
5208
5208
5208
5208
5208
5208
5208
5208
5208
5208
5208
5208
5208
5208
5208
5208
5208
5208
5208
5208
5208
5208
5208
5208
5208
5208
5208
5208
5208
5208
5208
5208
5208
5208
5208
5208
5208
5208
5208
5208
5208
5208
5208
5208
5208
5208
5208
5208
5208
5208
5208
5208
5208
5208
5208
5208
5208
5208
5208
5208
5208
5208
5208
5208
5208
5208
5208
5208
5208
5208
5208
5208
5208
5208
5208
5208
5208
5208
5208
5208
5208
5208
5208
5209
5209
5209
5209
5209
5209
5209
5209
5209
5209
5209
5209
5209
5209
5209
5209
5209
5209
5209
5209
5209
5209
5209
5209
5209
5209
5209
5209
5209
5209
5209
5209
5209
5209
5209
5209
5209
5209
5209
5209
5209
5209
5209
5209
5209
5209
5209
5209
5209
5209
5209
5209
5209
5209
5209
5209
5209
5209
5209
5209
5209
5209
5209
5209
5209
5209
5209
5209
5209
5209
5209
5209
5209
5209
5209
5209
5209
5209
5209
5209
5209
5209
5209
5209
5209
5209
5209
5209
5209
5209
5209
5209
5209
5209
5209
5209
5209
5209
5209
5209
5209
5209
5209
5209
5209
5209
5209
5209
5209
5209
5209
5209
5209
5209
5209
5209
5209
5209
5209
5209
5209
5209
5209
5209
5209
5209
5209
5209
5209
5209
5209
5209
5209
5209
5209
5209
5209
5209
5209
5209
5209
5209
5209
5209
5209
5209
5209
5209
5209
5209
5209
5209
5209
5209
5209
5209
5209
5209
5209
5209
5209
5209
5209
5209
5209
5209
5209
5210
5210
5210
5210
5210
5210
5210
5210
5210
5210
5210
5210
5210
5210
5210
5210
5210
5210
5210
5210
5210
5210
5210
5210
5210
5210
5210
5210
5210
5210
5210
5210
5210
5210
5210
5210
5210
5210
5210
5210
5210
5210
5210
5210
5210
5210
5210
5210
5210
5210
5210
5210
5210
5210
5210
5210
5210
5210
5210
5210
5210
5210
5210
5210
5210
5210
5210
5210
5210
5210
5210
5210
5210
5210
5210
5210
5210
5210
5210
5210
5210
5210
5210
5210
5210
5210
5210
5210
5210
5210
5210
5210
5210
5210
5210
5210
5210
5210
5210
5210
5210
5210
5210
5210
5210
5210
5210
5210
5210
5210
5210
5210
5210
5210
5210
5210
5210
5210
5210
5210
5210
5210
5210
5210
5210
5210
5210
5210
5210
5210
5210
5210
5210
5210
5210
5210
5210
5210
5210
5210
5210
5210
5210
5210
5210
5210
5210
5210
5210
5210
5210
5210
5210
5210
5210
5210
5210
5210
5210
5210
5210
5210
5210
5210
5210
5210
5211
5211
5211
5211
5211
5211
5211
5211
5211
5211
5211
5211
5211
5211
5211
5211
5211
5211
5211
5211
5211
5211
5211
5211
5211
5211
5211
5211
5211
5211
5211
5211
5211
5211
5211
5211
5211
5211
5211
5211
5211
5211
5211
5211
5211
5211
5211
5211
5211
5211
5211
5211
5211
5211
5211
5211
5211
5211
5211
5211
5211
5211
5211
5211
5211
5211
5211
5211
5211
5211
5211
5211
5211
5211
5211
5211
5211
5211
5211
5211
5211
5211
5211
5211
5211
5211
5211
5211
5211
5211
5211
5211
5211
5211
5211
5211
5211
5211
5211
5211
5211
5211
5211
5211
5211
5211
5211
5211
5211
5211
5211
5211
5211
5211
5211
5211
5211
5211
5211
5211
5211
5211
5211
5211
5211
5211
5211
5211
5211
5211
5211
5211
5211
5211
5211
5211
5211
5211
5211
5211
5211
5211
5211
5211
5211
5211
5211
5211
5211
5211
5211
5211
5211
5211
5211
5211
5211
5211
5211
5211
5211
5211
5211
5211
5211
5211
5211
5212
5212
5212
5212
5212
5212
5212
5212
5212
5212
5212
5212
5212
5212
5212
5212
5212
5212
5212
5212
5212
5212
5212
5212
5212
5212
5212
5212
5212
5212
5212
5212
5212
5212
5212
5212
5212
5212
5212
5212
5212
5212
5212
5212
5212
5212
5212
5212
5212
5212
5212
5212
5212
5212
5212
5212
5212
5212
5212
5212
5212
5212
5212
5212
5212
5212
5212
5212
5212
5212
5212
5212
5212
5212
5212
5212
5212
5212
5212
5212
5212
5212
5212
5212
5212
5212
5212
5212
5212
5212
5212
5212
5212
5212
5212
5212
5212
5212
5212
5212
5212
5212
5212
5212
5212
5212
5212
5212
5212
5212
5212
5212
5212
5212
5212
5212
5212
5212
5212
5212
5212
5212
5212
5212
5212
5212
5212
5212
5212
5212
5212
5212
5212
5212
5212
5212
5212
5212
5212
5212
5212
5212
5212
5212
5212
5212
5212
5212
5212
5212
5212
5212
5212
5212
5212
5212
5212
5212
5212
5212
5212
5212
5212
5212
5212
5212
5212
5213
5213
5213
5213
5213
5213
5213
5213
5213
5213
5213
5213
5213
5213
5213
5213
5213
5213
5213
5213
5213
5213
5213
5213
5213
5213
5213
5213
5213
5213
5213
5213
5213
5213
5213
5213
5213
5213
5213
5213
5213
5213
5213
5213
5213
5213
5213
5213
5213
5213
5213
5213
5213
5213
5213
5213
5213
5213
5213
5213
5213
5213
5213
5213
5213
5213
5213
5213
5213
5213
5213
5213
5213
5213
5213
5213
5213
5213
5213
5213
5213
5213
5213
5213
5213
5213
5213
5213
5213
5213
5213
5213
5213
5213
5213
5213
5213
5213
5213
5213
5213
5213
5213
5213
5213
5213
5213
5213
5213
5213
5213
5213
5213
5213
5213
5213
5213
5213
5213
5213
5213
5213
5213
5213
5213
5213
5213
5213
5213
5213
5213
5213
5213
5213
5213
5213
5213
5213
5213
5213
5213
5213
5213
5213
5213
5213
5213
5213
5213
5213
5213
5213
5213
5213
5213
5213
5213
5213
5213
5213
5213
5213
5213
5213
5213
5213
5214
5214
5214
5214
5214
5214
5214
5214
5214
5214
5214
5214
5214
5214
5214
5214
5214
5214
5214
5214
5214
5214
5214
5214
5214
5214
5214
5214
5214
5214
5214
5214
5214
5214
5214
5214
5214
5214
5214
5214
5214
5214
5214
5214
5214
5214
5214
5214
5214
5214
5214
5214
5214
5214
5214
5214
5214
5214
5214
5214
5214
5214
5214
5214
5214
5214
5214
5214
5214
5214
5214
5214
5214
5214
5214
5214
5214
5214
5214
5214
5214
5214
5214
5214
5214
5214
5214
5214
5214
5214
5214
5214
5214
5214
5214
5214
5214
5214
5214
5214
5214
5214
5214
5214
5214
5214
5214
5214
5214
5214
5214
5214
5214
5214
5214
5214
5214
5214
5214
5214
5214
5214
5214
5214
5214
5214
5214
5214
5214
5214
5214
5214
5214
5214
5214
5214
5214
5214
5214
5214
5214
5214
5214
5214
5214
5214
5214
5214
5214
5214
5214
5214
5214
5214
5214
5214
5214
5214
5214
5214
5214
5214
5214
5214
5214
5214
5214
5215
5215
5215
5215
5215
5215
5215
5215
5215
5215
5215
5215
5215
5215
5215
5215
5215
5215
5215
5215
5215
5215
5215
5215
5215
5215
5215
5215
5215
5215
5215
5215
5215
5215
5215
5215
5215
5215
5215
5215
5215
5215
5215
5215
5215
5215
5215
5215
5215
5215
5215
5215
5215
5215
5215
5215
5215
5215
5215
5215
5215
5215
5215
5215
5215
5215
5215
5215
5215
5215
5215
5215
5215
5215
5215
5215
5215
5215
5215
5215
5215
5215
5215
5215
5215
5215
5215
5215
5215
5215
5215
5215
5215
5215
5215
5215
5215
5215
5215
5215
5215
5215
5215
5215
5215
5215
5215
5215
5215
5215
5215
5215
5215
5215
5215
5215
5215
5215
5215
5215
5215
5215
5215
5215
5215
5215
5215
5215
5215
5215
5215
5215
5215
5215
5215
5215
5215
5215
5215
5215
5215
5215
5215
5215
5215
5215
5215
5215
5215
5215
5215
5215
5215
5215
5215
5215
5215
5215
5215
5215
5215
5215
5215
5215
5215
5215
5215
5216
5216
5216
5216
5216
5216
5216
5216
5216
5216
5216
5216
5216
5216
5216
5216
5216
5216
5216
5216
5216
5216
5216
5216
5216
5216
5216
5216
5216
5216
5216
5216
5216
5216
5216
5216
5216
5216
5216
5216
5216
5216
5216
5216
5216
5216
5216
5216
5216
5216
5216
5216
5216
5216
5216
5216
5216
5216
5216
5216
5216
5216
5216
5216
5216
5216
5216
5216
5216
5216
5216
5216
5216
5216
5216
5216
5216
5216
5216
5216
5216
5216
5216
5216
5216
5216
5216
5216
5216
5216
5216
5216
5216
5216
5216
5216
5216
5216
5216
5216
5216
5216
5216
5216
5216
5216
5216
5216
5216
5216
5216
5216
5216
5216
5216
5216
5216
5216
5216
5216
5216
5216
5216
5216
5216
5216
5216
5216
5216
5216
5216
5216
5216
5216
5216
5216
5216
5216
5216
5216
5216
5216
5216
5216
5216
5216
5216
5216
5216
5216
5216
5216
5216
5216
5216
5216
5216
5216
5216
5216
5216
5216
5216
5216
5216
5216
5217
5217
5217
5217
5217
5217
5217
5217
5217
5217
5217
5217
5217
5217
5217
5217
5217
5217
5217
5217
5217
5217
5217
5217
5217
5217
5217
5217
5217
5217
5217
5217
5217
5217
5217
5217
5217
5217
5217
5217
5217
5217
5217
5217
5217
5217
5217
5217
5217
5217
5217
5217
5217
5217
5217
5217
5217
5217
5217
5217
5217
5217
5217
5217
5217
5217
5217
5217
5217
5217
5217
5217
5217
5217
5217
5217
5217
5217
5217
5217
5217
5217
5217
5217
5217
5217
5217
5217
5217
5217
5217
5217
5217
5217
5217
5217
5217
5217
5217
5217
5217
5217
5217
5217
5217
5217
5217
5217
5217
5217
5217
5217
5217
5217
5217
5217
5217
5217
5217
5217
5217
5217
5217
5217
5217
5217
5217
5217
5217
5217
5217
5217
5217
5217
5217
5217
5217
5217
5217
5217
5217
5217
5217
5217
5217
5217
5217
5217
5217
5217
5217
5217
5217
5217
5217
5217
5217
5217
5217
5217
5217
5217
5217
5217
5217
5217
5217
5218
5218
5218
5218
5218
5218
5218
5218
5218
5218
5218
5218
5218
5218
5218
5218
5218
5218
5218
5218
5218
5218
5218
5218
5218
5218
5218
5218
5218
5218
5218
5218
5218
5218
5218
5218
5218
5218
5218
5218
5218
5218
5218
5218
5218
5218
5218
5218
5218
5218
5218
5218
5218
5218
5218
5218
5218
5218
5218
5218
5218
5218
5218
5218
5218
5218
5218
5218
5218
5218
5218
5218
5218
5218
5218
5218
5218
5218
5218
5218
5218
5218
5218
5218
5218
5218
5218
5218
5218
5218
5218
5218
5218
5218
5218
5218
5218
5218
5218
5218
5218
5218
5218
5218
5218
5218
5218
5218
5218
5218
5218
5218
5218
5218
5218
5218
5218
5218
5218
5218
5218
5218
5218
5218
5218
5218
5218
5218
5218
5218
5218
5218
5218
5218
5218
5218
5218
5218
5218
5218
5218
5218
5218
5218
5218
5218
5218
5218
5218
5218
5218
5218
5218
5218
5218
5218
5218
5218
5218
5218
5218
5218
5218
5218
5218
5218
5218
5219
5219
5219
5219
5219
5219
5219
5219
5219
5219
5219
5219
5219
5219
5219
5219
5219
5219
5219
5219
5219
5219
5219
5219
5219
5219
5219
5219
5219
5219
5219
5219
5219
5219
5219
5219
5219
5219
5219
5219
5219
5219
5219
5219
5219
5219
5219
5219
5219
5219
5219
5219
5219
5219
5219
5219
5219
5219
5219
5219
5219
5219
5219
5219
5219
5219
5219
5219
5219
5219
5219
5219
5219
5219
5219
5219
5219
5219
5219
5219
5219
5219
5219
5219
5219
5219
5219
5219
5219
5219
5219
5219
5219
5219
5219
5219
5219
5219
5219
5219
5219
5219
5219
5219
5219
5219
5219
5219
5219
5219
5219
5219
5219
5219
5219
5219
5219
5219
5219
5219
5219
5219
5219
5219
5219
5219
5219
5219
5219
5219
5219
5219
5219
5219
5219
5219
5219
5219
5219
5219
5219
5219
5219
5219
5219
5219
5219
5219
5219
5219
5219
5219
5219
5219
5219
5219
5219
5219
5219
5219
5219
5219
5219
5219
5219
5219
5220
5220
5220
5220
5220
5220
5220
5220
5220
5220
5220
5220
5220
5220
5220
5220
5220
5220
5220
5220
5220
5220
5220
5220
5220
5220
5220
5220
5220
5220
5220
5220
5220
5220
5220
5220
5220
5220
5220
5220
5220
5220
5220
5220
5220
5220
5220
5220
5220
5220
5220
5220
5220
5220
5220
5220
5220
5220
5220
5220
5220
5220
5220
5220
5220
5220
5220
5220
5220
5220
5220
5220
5220
5220
5220
5220
5220
5220
5220
5220
5220
5220
5220
5220
5220
5220
5220
5220
5220
5220
5220
5220
5220
5220
5220
5220
5220
5220
5220
5220
5220
5220
5220
5220
5220
5220
5220
5220
5220
5220
5220
5220
5220
5220
5220
5220
5220
5220
5220
5220
5220
5220
5220
5220
5220
5220
5220
5220
5220
5220
5220
5220
5220
5220
5220
5220
5220
5220
5220
5220
5220
5220
5220
5220
5220
5220
5220
5220
5220
5220
5220
5220
5220
5220
5220
5220
5220
5220
5220
5220
5220
5220
5220
5220
5220
5220
5220
5221
5221
5221
5221
5221
5221
5221
5221
5221
5221
5221
5221
5221
5221
5221
5221
5221
5221
5221
5221
5221
5221
5221
5221
5221
5221
5221
5221
5221
5221
5221
5221
5221
5221
5221
5221
5221
5221
5221
5221
5221
5221
5221
5221
5221
5221
5221
5221
5221
5221
5221
5221
5221
5221
5221
5221
5221
5221
5221
5221
5221
5221
5221
5221
5221
5221
5221
5221
5221
5221
5221
5221
5221
5221
5221
5221
5221
5221
5221
5221
5221
5221
5221
5221
5221
5221
5221
5221
5221
5221
5221
5221
5221
5221
5221
5221
5221
5221
5221
5221
5221
5221
5221
5221
5221
5221
5221
5221
5221
5221
5221
5221
5221
5221
5221
5221
5221
5221
5221
5221
5221
5221
5221
5221
5221
5221
5221
5221
5221
5221
5221
5221
5221
5221
5221
5221
5221
5221
5221
5221
5221
5221
5221
5221
5221
5221
5221
5221
5221
5221
5221
5221
5221
5221
5221
5221
5221
5221
5221
5221
5221
5221
5221
5221
5221
5221
5221
5222
5222
5222
5222
5222
5222
5222
5222
5222
5222
5222
5222
5222
5222
5222
5222
5222
5222
5222
5222
5222
5222
5222
5222
5222
5222
5222
5222
5222
5222
5222
5222
5222
5222
5222
5222
5222
5222
5222
5222
5222
5222
5222
5222
5222
5222
5222
5222
5222
5222
5222
5222
5222
5222
5222
5222
5222
5222
5222
5222
5222
5222
5222
5222
5222
5222
5222
5222
5222
5222
5222
5222
5222
5222
5222
5222
5222
5222
5222
5222
5222
5222
5222
5222
5222
5222
5222
5222
5222
5222
5222
5222
5222
5222
5222
5222
5222
5222
5222
5222
5222
5222
5222
5222
5222
5222
5222
5222
5222
5222
5222
5222
5222
5222
5222
5222
5222
5222
5222
5222
5222
5222
5222
5222
5222
5222
5222
5222
5222
5222
5222
5222
5222
5222
5222
5222
5222
5222
5222
5222
5222
5222
5222
5222
5222
5222
5222
5222
5222
5222
5222
5222
5222
5222
5222
5222
5222
5222
5222
5222
5222
5222
5222
5222
5222
5222
5223
5223
5223
5223
5223
5223
5223
5223
5223
5223
5223
5223
5223
5223
5223
5223
5223
5223
5223
5223
5223
5223
5223
5223
5223
5223
5223
5223
5223
5223
5223
5223
5223
5223
5223
5223
5223
5223
5223
5223
5223
5223
5223
5223
5223
5223
5223
5223
5223
5223
5223
5223
5223
5223
5223
5223
5223
5223
5223
5223
5223
5223
5223
5223
5223
5223
5223
5223
5223
5223
5223
5223
5223
5223
5223
5223
5223
5223
5223
5223
5223
5223
5223
5223
5223
5223
5223
5223
5223
5223
5223
5223
5223
5223
5223
5223
5223
5223
5223
5223
5223
5223
5223
5223
5223
5223
5223
5223
5223
5223
5223
5223
5223
5223
5223
5223
5223
5223
5223
5223
5223
5223
5223
5223
5223
5223
5223
5223
5223
5223
5223
5223
5223
5223
5223
5223
5223
5223
5223
5223
5223
5223
5223
5223
5223
5223
5223
5223
5223
5223
5223
5223
5223
5223
5223
5223
5223
5223
5223
5223
5223
5223
5223
5223
5223
5223
5223
5224
5224
5224
5224
5224
5224
5224
5224
5224
5224
5224
5224
5224
5224
5224
5224
5224
5224
5224
5224
5224
5224
5224
5224
5224
5224
5224
5224
5224
5224
5224
5224
5224
5224
5224
5224
5224
5224
5224
5224
5224
5224
5224
5224
5224
5224
5224
5224
5224
5224
5224
5224
5224
5224
5224
5224
5224
5224
5224
5224
5224
5224
5224
5224
5224
5224
5224
5224
5224
5224
5224
5224
5224
5224
5224
5224
5224
5224
5224
5224
5224
5224
5224
5224
5224
5224
5224
5224
5224
5224
5224
5224
5224
5224
5224
5224
5224
5224
5224
5224
5224
5224
5224
5224
5224
5224
5224
5224
5224
5224
5224
5224
5224
5224
5224
5224
5224
5224
5224
5224
5224
5224
5224
5224
5224
5224
5224
5224
5224
5224
5224
5224
5224
5224
5224
5224
5224
5224
5224
5224
5224
5224
5224
5224
5224
5224
5224
5224
5224
5224
5224
5224
5224
5224
5224
5224
5224
5224
5224
5224
5224
5224
5224
5224
5224
5224
5224
5225
5225
5225
5225
5225
5225
5225
5225
5225
5225
5225
5225
5225
5225
5225
5225
5225
5225
5225
5225
5225
5225
5225
5225
5225
5225
5225
5225
5225
5225
5225
5225
5225
5225
5225
5225
5225
5225
5225
5225
5225
5225
5225
5225
5225
5225
5225
5225
5225
5225
5225
5225
5225
5225
5225
5225
5225
5225
5225
5225
5225
5225
5225
5225
5225
5225
5225
5225
5225
5225
5225
5225
5225
5225
5225
5225
5225
5225
5225
5225
5225
5225
5225
5225
5225
5225
5225
5225
5225
5225
5225
5225
5225
5225
5225
5225
5225
5225
5225
5225
5225
5225
5225
5225
5225
5225
5225
5225
5225
5225
5225
5225
5225
5225
5225
5225
5225
5225
5225
5225
5225
5225
5225
5225
5225
5225
5225
5225
5225
5225
5225
5225
5225
5225
5225
5225
5225
5225
5225
5225
5225
5225
5225
5225
5225
5225
5225
5225
5225
5225
5225
5225
5225
5225
5225
5225
5225
5225
5225
5225
5225
5225
5225
5225
5225
5225
5226
5226
5226
5226
5226
5226
5226
5226
5226
5226
5226
5226
5226
5226
5226
5226
5226
5226
5226
5226
5226
5226
5226
5226
5226
5226
5226
5226
5226
5226
5226
5226
5226
5226
5226
5226
5226
5226
5226
5226
5226
5226
5226
5226
5226
5226
5226
5226
5226
5226
5226
5226
5226
5226
5226
5226
5226
5226
5226
5226
5226
5226
5226
5226
5226
5226
5226
5226
5226
5226
5226
5226
5226
5226
5226
5226
5226
5226
5226
5226
5226
5226
5226
5226
5226
5226
5226
5226
5226
5226
5226
5226
5226
5226
5226
5226
5226
5226
5226
5226
5226
5226
5226
5226
5226
5226
5226
5226
5226
5226
5226
5226
5226
5226
5226
5226
5226
5226
5226
5226
5226
5226
5226
5226
5226
5226
5226
5226
5226
5226
5226
5226
5226
5226
5226
5226
5226
5226
5226
5226
5226
5226
5226
5226
5226
5226
5226
5226
5226
5226
5226
5226
5226
5226
5226
5226
5226
5226
5226
5226
5226
5226
5226
5226
5226
5226
5226
5227
5227
5227
5227
5227
5227
5227
5227
5227
5227
5227
5227
5227
5227
5227
5227
5227
5227
5227
5227
5227
5227
5227
5227
5227
5227
5227
5227
5227
5227
5227
5227
5227
5227
5227
5227
5227
5227
5227
5227
5227
5227
5227
5227
5227
5227
5227
5227
5227
5227
5227
5227
5227
5227
5227
5227
5227
5227
5227
5227
5227
5227
5227
5227
5227
5227
5227
5227
5227
5227
5227
5227
5227
5227
5227
5227
5227
5227
5227
5227
5227
5227
5227
5227
5227
5227
5227
5227
5227
5227
5227
5227
5227
5227
5227
5227
5227
5227
5227
5227
5227
5227
5227
5227
5227
5227
5227
5227
5227
5227
5227
5227
5227
5227
5227
5227
5227
5227
5227
5227
5227
5227
5227
5227
5227
5227
5227
5227
5227
5227
5227
5227
5227
5227
5227
5227
5227
5227
5227
5227
5227
5227
5227
5227
5227
5227
5227
5227
5227
5227
5227
5227
5227
5227
5227
5227
5227
5227
5227
5227
5227
5227
5227
5227
5227
5227
5227
5228
5228
5228
5228
5228
5228
5228
5228
5228
5228
5228
5228
5228
5228
5228
5228
5228
5228
5228
5228
5228
5228
5228
5228
5228
5228
5228
5228
5228
5228
5228
5228
5228
5228
5228
5228
5228
5228
5228
5228
5228
5228
5228
5228
5228
5228
5228
5228
5228
5228
5228
5228
5228
5228
5228
5228
5228
5228
5228
5228
5228
5228
5228
5228
5228
5228
5228
5228
5228
5228
5228
5228
5228
5228
5228
5228
5228
5228
5228
5228
5228
5228
5228
5228
5228
5228
5228
5228
5228
5228
5228
5228
5228
5228
5228
5228
5228
5228
5228
5228
5228
5228
5228
5228
5228
5228
5228
5228
5228
5228
5228
5228
5228
5228
5228
5228
5228
5228
5228
5228
5228
5228
5228
5228
5228
5228
5228
5228
5228
5228
5228
5228
5228
5228
5228
5228
5228
5228
5228
5228
5228
5228
5228
5228
5228
5228
5228
5228
5228
5228
5228
5228
5228
5228
5228
5228
5228
5228
5228
5228
5228
5228
5228
5228
5228
5228
5228
5229
5229
5229
5229
5229
5229
5229
5229
5229
5229
5229
5229
5229
5229
5229
5229
5229
5229
5229
5229
5229
5229
5229
5229
5229
5229
5229
5229
5229
5229
5229
5229
5229
5229
5229
5229
5229
5229
5229
5229
5229
5229
5229
5229
5229
5229
5229
5229
5229
5229
5229
5229
5229
5229
5229
5229
5229
5229
5229
5229
5229
5229
5229
5229
5229
5229
5229
5229
5229
5229
5229
5229
5229
5229
5229
5229
5229
5229
5229
5229
5229
5229
5229
5229
5229
5229
5229
5229
5229
5229
5229
5229
5229
5229
5229
5229
5229
5229
5229
5229
5229
5229
5229
5229
5229
5229
5229
5229
5229
5229
5229
5229
5229
5229
5229
5229
5229
5229
5229
5229
5229
5229
5229
5229
5229
5229
5229
5229
5229
5229
5229
5229
5229
5229
5229
5229
5229
5229
5229
5229
5229
5229
5229
5229
5229
5229
5229
5229
5229
5229
5229
5229
5229
5229
5229
5229
5229
5229
5229
5229
5229
5229
5229
5229
5229
5229
5230
5230
5230
5230
5230
5230
5230
5230
5230
5230
5230
5230
5230
5230
5230
5230
5230
5230
5230
5230
5230
5230
5230
5230
5230
5230
5230
5230
5230
5230
5230
5230
5230
5230
5230
5230
5230
5230
5230
5230
5230
5230
5230
5230
5230
5230
5230
5230
5230
5230
5230
5230
5230
5230
5230
5230
5230
5230
5230
5230
5230
5230
5230
5230
5230
5230
5230
5230
5230
5230
5230
5230
5230
5230
5230
5230
5230
5230
5230
5230
5230
5230
5230
5230
5230
5230
5230
5230
5230
5230
5230
5230
5230
5230
5230
5230
5230
5230
5230
5230
5230
5230
5230
5230
5230
5230
5230
5230
5230
5230
5230
5230
5230
5230
5230
5230
5230
5230
5230
5230
5230
5230
5230
5230
5230
5230
5230
5230
5230
5230
5230
5230
5230
5230
5230
5230
5230
5230
5230
5230
5230
5230
5230
5230
5230
5230
5230
5230
5230
5230
5230
5230
5230
5230
5230
5230
5230
5230
5230
5230
5230
5230
5230
5230
5230
5230
5230
5231
5231
5231
5231
5231
5231
5231
5231
5231
5231
5231
5231
5231
5231
5231
5231
5231
5231
5231
5231
5231
5231
5231
5231
5231
5231
5231
5231
5231
5231
5231
5231
5231
5231
5231
5231
5231
5231
5231
5231
5231
5231
5231
5231
5231
5231
5231
5231
5231
5231
5231
5231
5231
5231
5231
5231
5231
5231
5231
5231
5231
5231
5231
5231
5231
5231
5231
5231
5231
5231
5231
5231
5231
5231
5231
5231
5231
5231
5231
5231
5231
5231
5231
5231
5231
5231
5231
5231
5231
5231
5231
5231
5231
5231
5231
5231
5231
5231
5231
5231
5231
5231
5231
5231
5231
5231
5231
5231
5231
5231
5231
5231
5231
5231
5231
5231
5231
5231
5231
5231
5231
5231
5231
5231
5231
5231
5231
5231
5231
5231
5231
5231
5231
5231
5231
5231
5231
5231
5231
5231
5231
5231
5231
5231
5231
5231
5231
5231
5231
5231
5231
5231
5231
5231
5231
5231
5231
5231
5231
5231
5231
5231
5231
5231
5231
5231
5231
5232
5232
5232
5232
5232
5232
5232
5232
5232
5232
5232
5232
5232
5232
5232
5232
5232
5232
5232
5232
5232
5232
5232
5232
5232
5232
5232
5232
5232
5232
5232
5232
5232
5232
5232
5232
5232
5232
5232
5232
5232
5232
5232
5232
5232
5232
5232
5232
5232
5232
5232
5232
5232
5232
5232
5232
5232
5232
5232
5232
5232
5232
5232
5232
5232
5232
5232
5232
5232
5232
5232
5232
5232
5232
5232
5232
5232
5232
5232
5232
5232
5232
5232
5232
5232
5232
5232
5232
5232
5232
5232
5232
5232
5232
5232
5232
5232
5232
5232
5232
5232
5232
5232
5232
5232
5232
5232
5232
5232
5232
5232
5232
5232
5232
5232
5232
5232
5232
5232
5232
5232
5232
5232
5232
5232
5232
5232
5232
5232
5232
5232
5232
5232
5232
5232
5232
5232
5232
5232
5232
5232
5232
5232
5232
5232
5232
5232
5232
5232
5232
5232
5232
5232
5232
5232
5232
5232
5232
5232
5232
5232
5232
5232
5232
5232
5232
5233
5233
5233
5233
5233
5233
5233
5233
5233
5233
5233
5233
5233
5233
5233
5233
5233
5233
5233
5233
5233
5233
5233
5233
5233
5233
5233
5233
5233
5233
5233
5233
5233
5233
5233
5233
5233
5233
5233
5233
5233
5233
5233
5233
5233
5233
5233
5233
5233
5233
5233
5233
5233
5233
5233
5233
5233
5233
5233
5233
5233
5233
5233
5233
5233
5233
5233
5233
5233
5233
5233
5233
5233
5233
5233
5233
5233
5233
5233
5233
5233
5233
5233
5233
5233
5233
5233
5233
5233
5233
5233
5233
5233
5233
5233
5233
5233
5233
5233
5233
5233
5233
5233
5233
5233
5233
5233
5233
5233
5233
5233
5233
5233
5233
5233
5233
5233
5233
5233
5233
5233
5233
5233
5233
5233
5233
5233
5233
5233
5233
5233
5233
5233
5233
5233
5233
5233
5233
5233
5233
5233
5233
5233
5233
5233
5233
5233
5233
5233
5233
5233
5233
5233
5233
5233
5233
5233
5233
5233
5233
5233
5233
5233
5233
5233
5233
5233
5234
5234
5234
5234
5234
5234
5234
5234
5234
5234
5234
5234
5234
5234
5234
5234
5234
5234
5234
5234
5234
5234
5234
5234
5234
5234
5234
5234
5234
5234
5234
5234
5234
5234
5234
5234
5234
5234
5234
5234
5234
5234
5234
5234
5234
5234
5234
5234
5234
5234
5234
5234
5234
5234
5234
5234
5234
5234
5234
5234
5234
5234
5234
5234
5234
5234
5234
5234
5234
5234
5234
5234
5234
5234
5234
5234
5234
5234
5234
5234
5234
5234
5234
5234
5234
5234
5234
5234
5234
5234
5234
5234
5234
5234
5234
5234
5234
5234
5234
5234
5234
5234
5234
5234
5234
5234
5234
5234
5234
5234
5234
5234
5234
5234
5234
5234
5234
5234
5234
5234
5234
5234
5234
5234
5234
5234
5234
5234
5234
5234
5234
5234
5234
5234
5234
5234
5234
5234
5234
5234
5234
5234
5234
5234
5234
5234
5234
5234
5234
5234
5234
5234
5234
5234
5234
5234
5234
5234
5234
5234
5234
5234
5234
5234
5234
5234
5234
5235
5235
5235
5235
5235
5235
5235
5235
5235
5235
5235
5235
5235
5235
5235
5235
5235
5235
5235
5235
5235
5235
5235
5235
5235
5235
5235
5235
5235
5235
5235
5235
5235
5235
5235
5235
5235
5235
5235
5235
5235
5235
5235
5235
5235
5235
5235
5235
5235
5235
5235
5235
5235
5235
5235
5235
5235
5235
5235
5235
5235
5235
5235
5235
5235
5235
5235
5235
5235
5235
5235
5235
5235
5235
5235
5235
5235
5235
5235
5235
5235
5235
5235
5235
5235
5235
5235
5235
5235
5235
5235
5235
5235
5235
5235
5235
5235
5235
5235
5235
5235
5235
5235
5235
5235
5235
5235
5235
5235
5235
5235
5235
5235
5235
5235
5235
5235
5235
5235
5235
5235
5235
5235
5235
5235
5235
5235
5235
5235
5235
5235
5235
5235
5235
5235
5235
5235
5235
5235
5235
5235
5235
5235
5235
5235
5235
5235
5235
5235
5235
5235
5235
5235
5235
5235
5235
5235
5235
5235
5235
5235
5235
5235
5235
5235
5235
5236
5236
5236
5236
5236
5236
5236
5236
5236
5236
5236
5236
5236
5236
5236
5236
5236
5236
5236
5236
5236
5236
5236
5236
5236
5236
5236
5236
5236
5236
5236
5236
5236
5236
5236
5236
5236
5236
5236
5236
5236
5236
5236
5236
5236
5236
5236
5236
5236
5236
5236
5236
5236
5236
5236
5236
5236
5236
5236
5236
5236
5236
5236
5236
5236
5236
5236
5236
5236
5236
5236
5236
5236
5236
5236
5236
5236
5236
5236
5236
5236
5236
5236
5236
5236
5236
5236
5236
5236
5236
5236
5236
5236
5236
5236
5236
5236
5236
5236
5236
5236
5236
5236
5236
5236
5236
5236
5236
5236
5236
5236
5236
5236
5236
5236
5236
5236
5236
5236
5236
5236
5236
5236
5236
5236
5236
5236
5236
5236
5236
5236
5236
5236
5236
5236
5236
5236
5236
5236
5236
5236
5236
5236
5236
5236
5236
5236
5236
5236
5236
5236
5236
5236
5236
5236
5236
5236
5236
5236
5236
5236
5236
5236
5236
5236
5236
5236
5237
5237
5237
5237
5237
5237
5237
5237
5237
5237
5237
5237
5237
5237
5237
5237
5237
5237
5237
5237
5237
5237
5237
5237
5237
5237
5237
5237
5237
5237
5237
5237
5237
5237
5237
5237
5237
5237
5237
5237
5237
5237
5237
5237
5237
5237
5237
5237
5237
5237
5237
5237
5237
5237
5237
5237
5237
5237
5237
5237
5237
5237
5237
5237
5237
5237
5237
5237
5237
5237
5237
5237
5237
5237
5237
5237
5237
5237
5237
5237
5237
5237
5237
5237
5237
5237
5237
5237
5237
5237
5237
5237
5237
5237
5237
5237
5237
5237
5237
5237
5237
5237
5237
5237
5237
5237
5237
5237
5237
5237
5237
5237
5237
5237
5237
5237
5237
5237
5237
5237
5237
5237
5237
5237
5237
5237
5237
5237
5237
5237
5237
5237
5237
5237
5237
5237
5237
5237
5237
5237
5237
5237
5237
5237
5237
5237
5237
5237
5237
5237
5237
5237
5237
5237
5237
5237
5237
5237
5237
5237
5237
5237
5237
5237
5237
5237
5237
5238
5238
5238
5238
5238
5238
5238
5238
5238
5238
5238
5238
5238
5238
5238
5238
5238
5238
5238
5238
5238
5238
5238
5238
5238
5238
5238
5238
5238
5238
5238
5238
5238
5238
5238
5238
5238
5238
5238
5238
5238
5238
5238
5238
5238
5238
5238
5238
5238
5238
5238
5238
5238
5238
5238
5238
5238
5238
5238
5238
5238
5238
5238
5238
5238
5238
5238
5238
5238
5238
5238
5238
5238
5238
5238
5238
5238
5238
5238
5238
5238
5238
5238
5238
5238
5238
5238
5238
5238
5238
5238
5238
5238
5238
5238
5238
5238
5238
5238
5238
5238
5238
5238
5238
5238
5238
5238
5238
5238
5238
5238
5238
5238
5238
5238
5238
5238
5238
5238
5238
5238
5238
5238
5238
5238
5238
5238
5238
5238
5238
5238
5238
5238
5238
5238
5238
5238
5238
5238
5238
5238
5238
5238
5238
5238
5238
5238
5238
5238
5238
5238
5238
5238
5238
5238
5238
5238
5238
5238
5238
5238
5238
5238
5238
5238
5238
5239
5239
5239
5239
5239
5239
5239
5239
5239
5239
5239
5239
5239
5239
5239
5239
5239
5239
5239
5239
5239
5239
5239
5239
5239
5239
5239
5239
5239
5239
5239
5239
5239
5239
5239
5239
5239
5239
5239
5239
5239
5239
5239
5239
5239
5239
5239
5239
5239
5239
5239
5239
5239
5239
5239
5239
5239
5239
5239
5239
5239
5239
5239
5239
5239
5239
5239
5239
5239
5239
5239
5239
5239
5239
5239
5239
5239
5239
5239
5239
5239
5239
5239
5239
5239
5239
5239
5239
5239
5239
5239
5239
5239
5239
5239
5239
5239
5239
5239
5239
5239
5239
5239
5239
5239
5239
5239
5239
5239
5239
5239
5239
5239
5239
5239
5239
5239
5239
5239
5239
5239
5239
5239
5239
5239
5239
5239
5239
5239
5239
5239
5239
5239
5239
5239
5239
5239
5239
5239
5239
5239
5239
5239
5239
5239
5239
5239
5239
5239
5239
5239
5239
5239
5239
5239
5239
5239
5239
5239
5239
5239
5239
5239
5239
5239
5239
5239
5240
5240
5240
5240
5240
5240
5240
5240
5240
5240
5240
5240
5240
5240
5240
5240
5240
5240
5240
5240
5240
5240
5240
5240
5240
5240
5240
5240
5240
5240
5240
5240
5240
5240
5240
5240
5240
5240
5240
5240
5240
5240
5240
5240
5240
5240
5240
5240
5240
5240
5240
5240
5240
5240
5240
5240
5240
5240
5240
5240
5240
5240
5240
5240
5240
5240
5240
5240
5240
5240
5240
5240
5240
5240
5240
5240
5240
5240
5240
5240
5240
5240
5240
5240
5240
5240
5240
5240
5240
5240
5240
5240
5240
5240
5240
5240
5240
5240
5240
5240
5240
5240
5240
5240
5240
5240
5240
5240
5240
5240
5240
5240
5240
5240
5240
5240
5240
5240
5240
5240
5240
5240
5240
5240
5240
5240
5240
5240
5240
5240
5240
5240
5240
5240
5240
5240
5240
5240
5240
5240
5240
5240
5240
5240
5240
5240
5240
5240
5240
5240
5240
5240
5240
5240
5240
5240
5240
5240
5240
5240
5240
5240
5240
5240
5240
5240
5240
5241
5241
5241
5241
5241
5241
5241
5241
5241
5241
5241
5241
5241
5241
5241
5241
5241
5241
5241
5241
5241
5241
5241
5241
5241
5241
5241
5241
5241
5241
5241
5241
5241
5241
5241
5241
5241
5241
5241
5241
5241
5241
5241
5241
5241
5241
5241
5241
5241
5241
5241
5241
5241
5241
5241
5241
5241
5241
5241
5241
5241
5241
5241
5241
5241
5241
5241
5241
5241
5241
5241
5241
5241
5241
5241
5241
5241
5241
5241
5241
5241
5241
5241
5241
5241
5241
5241
5241
5241
5241
5241
5241
5241
5241
5241
5241
5241
5241
5241
5241
5241
5241
5241
5241
5241
5241
5241
5241
5241
5241
5241
5241
5241
5241
5241
5241
5241
5241
5241
5241
5241
5241
5241
5241
5241
5241
5241
5241
5241
5241
5241
5241
5241
5241
5241
5241
5241
5241
5241
5241
5241
5241
5241
5241
5241
5241
5241
5241
5241
5241
5241
5241
5241
5241
5241
5241
5241
5241
5241
5241
5241
5241
5241
5241
5241
5241
5242
5242
5242
5242
5242
5242
5242
5242
5242
5242
5242
5242
5242
5242
5242
5242
5242
5242
5242
5242
5242
5242
5242
5242
5242
5242
5242
5242
5242
5242
5242
5242
5242
5242
5242
5242
5242
5242
5242
5242
5242
5242
5242
5242
5242
5242
5242
5242
5242
5242
5242
5242
5242
5242
5242
5242
5242
5242
5242
5242
5242
5242
5242
5242
5242
5242
5242
5242
5242
5242
5242
5242
5242
5242
5242
5242
5242
5242
5242
5242
5242
5242
5242
5242
5242
5242
5242
5242
5242
5242
5242
5242
5242
5242
5242
5242
5242
5242
5242
5242
5242
5242
5242
5242
5242
5242
5242
5242
5242
5242
5242
5242
5242
5242
5242
5242
5242
5242
5242
5242
5242
5242
5242
5242
5242
5242
5242
5242
5242
5242
5242
5242
5242
5242
5242
5242
5242
5242
5242
5242
5242
5242
5242
5242
5242
5242
5242
5242
5242
5242
5242
5242
5242
5242
5242
5242
5242
5242
5242
5242
5242
5242
5242
5242
5242
5242
5242
5243
5243
5243
5243
5243
5243
5243
5243
5243
5243
5243
5243
5243
5243
5243
5243
5243
5243
5243
5243
5243
5243
5243
5243
5243
5243
5243
5243
5243
5243
5243
5243
5243
5243
5243
5243
5243
5243
5243
5243
5243
5243
5243
5243
5243
5243
5243
5243
5243
5243
5243
5243
5243
5243
5243
5243
5243
5243
5243
5243
5243
5243
5243
5243
5243
5243
5243
5243
5243
5243
5243
5243
5243
5243
5243
5243
5243
5243
5243
5243
5243
5243
5243
5243
5243
5243
5243
5243
5243
5243
5243
5243
5243
5243
5243
5243
5243
5243
5243
5243
5243
5243
5243
5243
5243
5243
5243
5243
5243
5243
5243
5243
5243
5243
5243
5243
5243
5243
5243
5243
5243
5243
5243
5243
5243
5243
5243
5243
5243
5243
5243
5243
5243
5243
5243
5243
5243
5243
5243
5243
5243
5243
5243
5243
5243
5243
5243
5243
5243
5243
5243
5243
5243
5243
5243
5243
5243
5243
5243
5243
5243
5243
5243
5243
5243
5243
5243
5244
5244
5244
5244
5244
5244
5244
5244
5244
5244
5244
5244
5244
5244
5244
5244
5244
5244
5244
5244
5244
5244
5244
5244
5244
5244
5244
5244
5244
5244
5244
5244
5244
5244
5244
5244
5244
5244
5244
5244
5244
5244
5244
5244
5244
5244
5244
5244
5244
5244
5244
5244
5244
5244
5244
5244
5244
5244
5244
5244
5244
5244
5244
5244
5244
5244
5244
5244
5244
5244
5244
5244
5244
5244
5244
5244
5244
5244
5244
5244
5244
5244
5244
5244
5244
5244
5244
5244
5244
5244
5244
5244
5244
5244
5244
5244
5244
5244
5244
5244
5244
5244
5244
5244
5244
5244
5244
5244
5244
5244
5244
5244
5244
5244
5244
5244
5244
5244
5244
5244
5244
5244
5244
5244
5244
5244
5244
5244
5244
5244
5244
5244
5244
5244
5244
5244
5244
5244
5244
5244
5244
5244
5244
5244
5244
5244
5244
5244
5244
5244
5244
5244
5244
5244
5244
5244
5244
5244
5244
5244
5244
5244
5244
5244
5244
5244
5245
5245
5245
5245
5245
5245
5245
5245
5245
5245
5245
5245
5245
5245
5245
5245
5245
5245
5245
5245
5245
5245
5245
5245
5245
5245
5245
5245
5245
5245
5245
5245
5245
5245
5245
5245
5245
5245
5245
5245
5245
5245
5245
5245
5245
5245
5245
5245
5245
5245
5245
5245
5245
5245
5245
5245
5245
5245
5245
5245
5245
5245
5245
5245
5245
5245
5245
5245
5245
5245
5245
5245
5245
5245
5245
5245
5245
5245
5245
5245
5245
5245
5245
5245
5245
5245
5245
5245
5245
5245
5245
5245
5245
5245
5245
5245
5245
5245
5245
5245
5245
5245
5245
5245
5245
5245
5245
5245
5245
5245
5245
5245
5245
5245
5245
5245
5245
5245
5245
5245
5245
5245
5245
5245
5245
5245
5245
5245
5245
5245
5245
5245
5245
5245
5245
5245
5245
5245
5245
5245
5245
5245
5245
5245
5245
5245
5245
5245
5245
5245
5245
5245
5245
5245
5245
5245
5245
5245
5245
5245
5245
5245
5245
5245
5245
5245
5245
5246
5246
5246
5246
5246
5246
5246
5246
5246
5246
5246
5246
5246
5246
5246
5246
5246
5246
5246
5246
5246
5246
5246
5246
5246
5246
5246
5246
5246
5246
5246
5246
5246
5246
5246
5246
5246
5246
5246
5246
5246
5246
5246
5246
5246
5246
5246
5246
5246
5246
5246
5246
5246
5246
5246
5246
5246
5246
5246
5246
5246
5246
5246
5246
5246
5246
5246
5246
5246
5246
5246
5246
5246
5246
5246
5246
5246
5246
5246
5246
5246
5246
5246
5246
5246
5246
5246
5246
5246
5246
5246
5246
5246
5246
5246
5246
5246
5246
5246
5246
5246
5246
5246
5246
5246
5246
5246
5246
5246
5246
5246
5246
5246
5246
5246
5246
5246
5246
5246
5246
5246
5246
5246
5246
5246
5246
5246
5246
5246
5246
5246
5246
5246
5246
5246
5246
5246
5246
5246
5246
5246
5246
5246
5246
5246
5246
5246
5246
5246
5246
5246
5246
5246
5246
5246
5246
5246
5246
5246
5246
5246
5246
5246
5246
5246
5246
5246
5247
5247
5247
5247
5247
5247
5247
5247
5247
5247
5247
5247
5247
5247
5247
5247
5247
5247
5247
5247
5247
5247
5247
5247
5247
5247
5247
5247
5247
5247
5247
5247
5247
5247
5247
5247
5247
5247
5247
5247
5247
5247
5247
5247
5247
5247
5247
5247
5247
5247
5247
5247
5247
5247
5247
5247
5247
5247
5247
5247
5247
5247
5247
5247
5247
5247
5247
5247
5247
5247
5247
5247
5247
5247
5247
5247
5247
5247
5247
5247
5247
5247
5247
5247
5247
5247
5247
5247
5247
5247
5247
5247
5247
5247
5247
5247
5247
5247
5247
5247
5247
5247
5247
5247
5247
5247
5247
5247
5247
5247
5247
5247
5247
5247
5247
5247
5247
5247
5247
5247
5247
5247
5247
5247
5247
5247
5247
5247
5247
5247
5247
5247
5247
5247
5247
5247
5247
5247
5247
5247
5247
5247
5247
5247
5247
5247
5247
5247
5247
5247
5247
5247
5247
5247
5247
5247
5247
5247
5247
5247
5247
5247
5247
5247
5247
5247
5248
5248
5248
5248
5248
5248
5248
5248
5248
5248
5248
5248
5248
5248
5248
5248
5248
5248
5248
5248
5248
5248
5248
5248
5248
5248
5248
5248
5248
5248
5248
5248
5248
5248
5248
5248
5248
5248
5248
5248
5248
5248
5248
5248
5248
5248
5248
5248
5248
5248
5248
5248
5248
5248
5248
5248
5248
5248
5248
5248
5248
5248
5248
5248
5248
5248
5248
5248
5248
5248
5248
5248
5248
5248
5248
5248
5248
5248
5248
5248
5248
5248
5248
5248
5248
5248
5248
5248
5248
5248
5248
5248
5248
5248
5248
5248
5248
5248
5248
5248
5248
5248
5248
5248
5248
5248
5248
5248
5248
5248
5248
5248
5248
5248
5248
5248
5248
5248
5248
5248
5248
5248
5248
5248
5248
5248
5248
5248
5248
5248
5248
5248
5248
5248
5248
5248
5248
5248
5248
5248
5248
5248
5248
5248
5248
5248
5248
5248
5248
5248
5248
5248
5248
5248
5248
5248
5248
5248
5248
5248
5248
5248
5248
5248
5248
5248
5248
5249
5249
5249
5249
5249
5249
5249
5249
5249
5249
5249
5249
5249
5249
5249
5249
5249
5249
5249
5249
5249
5249
5249
5249
5249
5249
5249
5249
5249
5249
5249
5249
5249
5249
5249
5249
5249
5249
5249
5249
5249
5249
5249
5249
5249
5249
5249
5249
5249
5249
5249
5249
5249
5249
5249
5249
5249
5249
5249
5249
5249
5249
5249
5249
5249
5249
5249
5249
5249
5249
5249
5249
5249
5249
5249
5249
5249
5249
5249
5249
5249
5249
5249
5249
5249
5249
5249
5249
5249
5249
5249
5249
5249
5249
5249
5249
5249
5249
5249
5249
5249
5249
5249
5249
5249
5249
5249
5249
5249
5249
5249
5249
5249
5249
5249
5249
5249
5249
5249
5249
5249
5249
5249
5249
5249
5249
5249
5249
5249
5249
5249
5249
5249
5249
5249
5249
5249
5249
5249
5249
5249
5249
5249
5249
5249
5249
5249
5249
5249
5249
5249
5249
5249
5249
5249
5249
5249
5249
5249
5249
5249
5249
5249
5249
5249
5249
5249
5250
5250
5250
5250
5250
5250
5250
5250
5250
5250
5250
5250
5250
5250
5250
5250
5250
5250
5250
5250
5250
5250
5250
5250
5250
5250
5250
5250
5250
5250
5250
5250
5250
5250
5250
5250
5250
5250
5250
5250
5250
5250
5250
5250
5250
5250
5250
5250
5250
5250
5250
5250
5250
5250
5250
5250
5250
5250
5250
5250
5250
5250
5250
5250
5250
5250
5250
5250
5250
5250
5250
5250
5250
5250
5250
5250
5250
5250
5250
5250
5250
5250
5250
5250
5250
5250
5250
5250
5250
5250
5250
5250
5250
5250
5250
5250
5250
5250
5250
5250
5250
5250
5250
5250
5250
5250
5250
5250
5250
5250
5250
5250
5250
5250
5250
5250
5250
5250
5250
5250
5250
5250
5250
5250
5250
5250
5250
5250
5250
5250
5250
5250
5250
5250
5250
5250
5250
5250
5250
5250
5250
5250
5250
5250
5250
5250
5250
5250
5250
5250
5250
5250
5250
5250
5250
5250
5250
5250
5250
5250
5250
5250
5250
5250
5250
5250
