1
26
51
76
101
126
151
176
201
226
251
276
301
326
351
376
401
426
451
476
501
526
551
567
584
601
626
651
676
701
726
751
776
801
826
851
876
901
926
951
976
1001
1026
1051
1076
1101
1126
1151
1167
1184
1201
1226
1251
1276
1301
1326
1351
1376
1401
1426
1451
1476
1501
1526
1551
1576
1601
1626
1651
1676
1701
1726
1751
1767
1784
1801
1826
1851
1876
1901
1926
1951
1976
2001
2026
2051
2076
2101
2126
2151
2176
2201
2226
2251
2276
2301
2326
2351
2367
2384
2401
2426
2451
2476
2501
2526
2551
2576
2601
2626
2651
2676
2701
2726
2751
2776
2801
2826
2851
2876
2901
2926
2951
2967
2984
3001
3026
3051
3076
3101
3126
3151
3176
3201
3226
3251
3276
3301
3326
3351
3376
3401
3426
3451
3476
3501
3526
3551
3567
3584
3601
3626
3651
3676
3701
3726
3751
3776
3801
3826
3851
3876
3901
3926
3951
3976
4001
4026
4051
4076
4101
4126
4151
4167
4184
4201
4226
4251
4276
4301
4326
4351
4376
4401
4426
4451
4476
4501
4526
4551
4576
4601
4626
4651
4676
4701
4726
4751
4767
4784
4801
4826
4851
4876
4901
4901
4901
4901
4901
4901
4901
4901
4902
4902
4902
4902
4902
4902
4902
4903
4903
4903
4903
4903
4903
4903
4904
4904
4904
4904
4904
4904
4904
4905
4905
4905
4905
4905
4905
4905
4906
4906
4906
4906
4906
4906
4906
4907
4907
4907
4907
4907
4907
4907
4908
4908
4908
4908
4908
4908
4908
4909
4909
4909
4909
4909
4909
4909
4909
4910
4910
4910
4910
4910
4910
4910
4911
4911
4911
4911
4911
4911
4911
4912
4912
4912
4912
4912
4912
4912
4913
4913
4913
4913
4913
4913
4913
4914
4914
4914
4914
4914
4914
4914
4915
4915
4915
4915
4915
4915
4915
4916
4916
4916
4916
4916
4916
4916
4917
4917
4917
4917
4917
4917
4917
4917
4918
4918
4918
4918
4918
4918
4918
4919
4919
4919
4919
4919
4919
4919
4920
4920
4920
4920
4920
4920
4920
4921
4921
4921
4921
4921
4921
4921
4922
4922
4922
4922
4922
4922
4922
4923
4923
4923
4923
4923
4923
4923
4924
4924
4924
4924
4924
4924
4924
4925
4925
4925
4925
4925
4925
4925
4926
4926
4926
4926
4926
4926
4926
4926
4927
4927
4927
4927
4927
4927
4927
4928
4928
4928
4928
4928
4928
4928
4929
4929
4929
4929
4929
4929
4929
4930
4930
4930
4930
4930
4930
4930
4931
4931
4931
4931
4931
4931
4931
4932
4932
4932
4932
4932
4932
4932
4933
4933
4933
4933
4933
4933
4933
4934
4934
4934
4934
4934
4934
4934
4934
4935
4935
4935
4935
4935
4935
4935
4936
4936
4936
4936
4936
4936
4936
4937
4937
4937
4937
4937
4937
4937
4938
4938
4938
4938
4938
4938
4938
4939
4939
4939
4939
4939
4939
4939
4940
4940
4940
4940
4940
4940
4940
4941
4941
4941
4941
4941
4941
4941
4942
4942
4942
4942
4942
4942
4942
4942
4943
4943
4943
4943
4943
4943
4943
4944
4944
4944
4944
4944
4944
4944
4945
4945
4945
4945
4945
4945
4945
4946
4946
4946
4946
4946
4946
4946
4947
4947
4947
4947
4947
4947
4947
4948
4948
4948
4948
4948
4948
4948
4949
4949
4949
4949
4949
4949
4949
4950
4950
4950
4950
4950
4950
4950
