1
3
6
8
11
13
16
18
21
23
26
28
31
33
36
38
41
43
46
48
51
53
55
58
60
62
65
67
70
72
74
77
79
81
84
86
89
91
93
96
98
101
103
105
108
110
112
115
117
120
122
124
127
129
131
134
136
139
141
143
146
148
151
153
155
158
160
162
165
167
170
172
174
177
179
181
184
186
189
191
193
196
198
201
201
202
202
203
204
204
205
206
206
207
208
208
209
209
210
211
211
212
213
213
214
215
215
216
217
217
218
218
219
220
220
221
222
222
223
224
224
225
226
226
227
227
228
229
229
230
231
231
232
233
233
234
234
235
236
236
237
238
238
239
240
240
241
242
242
243
243
244
245
245
246
247
247
248
249
249
250
