1
3
6
8
11
13
16
18
21
23
26
28
31
33
36
38
41
43
46
48
51
53
55
58
60
62
65
67
70
72
74
77
79
81
84
86
89
91
93
96
98
101
103
105
108
110
112
115
117
120
122
124
127
129
131
134
136
139
141
143
146
148
151
153
155
158
160
162
165
167
170
172
174
177
179
181
184
186
189
191
193
196
198
201
203
205
208
210
212
215
217
220
222
224
227
229
231
234
236
239
241
243
246
248
251
253
255
258
260
262
265
267
270
272
274
277
279
281
284
286
289
291
293
296
298
301
303
306
308
311
313
316
318
321
323
326
328
331
333
336
338
341
343
346
348
