1
3
6
8
11
13
16
18
21
23
26
28
31
33
36
38
41
43
46
48
51
51
51
51
51
51
51
51
51
51
51
51
51
52
52
52
52
52
52
52
52
52
52
52
52
53
53
53
53
53
53
53
53
53
53
53
53
53
54
54
54
54
54
54
54
54
54
54
54
54
55
55
55
55
55
55
55
55
55
55
55
55
55
56
56
56
56
56
56
56
56
56
56
56
56
57
57
57
57
57
57
57
57
57
57
57
57
57
58
58
58
58
58
58
58
58
58
58
58
58
59
59
59
59
59
59
59
59
59
59
59
59
59
60
60
60
60
60
60
60
60
60
60
60
60
61
61
61
61
61
61
61
61
61
61
61
61
61
62
62
62
62
62
62
62
62
62
62
62
62
63
63
63
63
63
63
63
63
63
63
63
63
63
64
64
64
64
64
64
64
64
64
64
64
64
65
65
65
65
65
65
65
65
65
65
65
65
65
66
66
66
66
66
66
66
66
66
66
66
66
67
67
67
67
67
67
67
67
67
67
67
67
67
68
68
68
68
68
68
68
68
68
68
68
68
69
69
69
69
69
69
69
69
69
69
69
69
69
70
70
70
70
70
70
70
70
70
70
70
70
71
71
71
71
71
71
71
71
71
71
71
71
71
72
72
72
72
72
72
72
72
72
72
72
72
73
73
73
73
73
73
73
73
73
73
73
73
73
74
74
74
74
74
74
74
74
74
74
74
74
75
75
75
75
75
75
75
75
75
75
75
75
75
76
76
76
76
76
76
76
76
76
76
76
76
77
77
77
77
77
77
77
77
77
77
77
77
77
78
78
78
78
78
78
78
78
78
78
78
78
79
79
79
79
79
79
79
79
79
79
79
79
79
80
80
80
80
80
80
80
80
80
80
80
80
81
81
81
81
81
81
81
81
81
81
81
81
81
82
82
82
82
82
82
82
82
82
82
82
82
83
83
83
83
83
83
83
83
83
83
83
83
83
84
84
84
84
84
84
84
84
84
84
84
84
85
85
85
85
85
85
85
85
85
85
85
85
85
86
86
86
86
86
86
86
86
86
86
86
86
87
87
87
87
87
87
87
87
87
87
87
87
87
88
88
88
88
88
88
88
88
88
88
88
88
89
89
89
89
89
89
89
89
89
89
89
89
89
90
90
90
90
90
90
90
90
90
90
90
90
91
91
91
91
91
91
91
91
91
91
91
91
91
92
92
92
92
92
92
92
92
92
92
92
92
93
93
93
93
93
93
93
93
93
93
93
93
93
94
94
94
94
94
94
94
94
94
94
94
94
95
95
95
95
95
95
95
95
95
95
95
95
95
96
96
96
96
96
96
96
96
96
96
96
96
97
97
97
97
97
97
97
97
97
97
97
97
97
98
98
98
98
98
98
98
98
98
98
98
98
99
99
99
99
99
99
99
99
99
99
99
99
99
100
100
100
100
100
100
100
100
100
100
100
100
101
101
101
101
101
101
101
101
101
101
101
101
101
102
102
102
102
102
102
102
102
102
102
102
102
103
103
103
103
103
103
103
103
103
103
103
103
103
104
104
104
104
104
104
104
104
104
104
104
104
105
105
105
105
105
105
105
105
105
105
105
105
105
106
106
106
106
106
106
106
106
106
106
106
106
107
107
107
107
107
107
107
107
107
107
107
107
107
108
108
108
108
108
108
108
108
108
108
108
108
109
109
109
109
109
109
109
109
109
109
109
109
109
110
110
110
110
110
110
110
110
110
110
110
110
111
111
111
111
111
111
111
111
111
111
111
111
111
112
112
112
112
112
112
112
112
112
112
112
112
113
113
113
113
113
113
113
113
113
113
113
113
113
114
114
114
114
114
114
114
114
114
114
114
114
115
115
115
115
115
115
115
115
115
115
115
115
115
116
116
116
116
116
116
116
116
116
116
116
116
117
117
117
117
117
117
117
117
117
117
117
117
117
118
118
118
118
118
118
118
118
118
118
118
118
119
119
119
119
119
119
119
119
119
119
119
119
119
120
120
120
120
120
120
120
120
120
120
120
120
121
121
121
121
121
121
121
121
121
121
121
121
121
122
122
122
122
122
122
122
122
122
122
122
122
123
123
123
123
123
123
123
123
123
123
123
123
123
124
124
124
124
124
124
124
124
124
124
124
124
125
125
125
125
125
125
125
125
125
125
125
125
125
126
126
126
126
126
126
126
126
126
126
126
126
127
127
127
127
127
127
127
127
127
127
127
127
127
128
128
128
128
128
128
128
128
128
128
128
128
129
129
129
129
129
129
129
129
129
129
129
129
129
130
130
130
130
130
130
130
130
130
130
130
130
131
131
131
131
131
131
131
131
131
131
131
131
131
132
132
132
132
132
132
132
132
132
132
132
132
133
133
133
133
133
133
133
133
133
133
133
133
133
134
134
134
134
134
134
134
134
134
134
134
134
135
135
135
135
135
135
135
135
135
135
135
135
135
136
136
136
136
136
136
136
136
136
136
136
136
137
137
137
137
137
137
137
137
137
137
137
137
137
138
138
138
138
138
138
138
138
138
138
138
138
139
139
139
139
139
139
139
139
139
139
139
139
139
140
140
140
140
140
140
140
140
140
140
140
140
141
141
141
141
141
141
141
141
141
141
141
141
141
142
142
142
142
142
142
142
142
142
142
142
142
143
143
143
143
143
143
143
143
143
143
143
143
143
144
144
144
144
144
144
144
144
144
144
144
144
145
145
145
145
145
145
145
145
145
145
145
145
145
146
146
146
146
146
146
146
146
146
146
146
146
147
147
147
147
147
147
147
147
147
147
147
147
147
148
148
148
148
148
148
148
148
148
148
148
148
149
149
149
149
149
149
149
149
149
149
149
149
149
150
150
150
150
150
150
150
150
150
150
150
150
151
151
152
152
153
154
154
155
156
156
157
157
158
159
159
160
161
161
162
163
163
164
164
165
166
166
167
168
168
169
169
170
171
171
172
173
173
174
175
175
176
176
177
178
178
179
180
180
181
182
182
183
183
184
185
185
186
187
187
188
188
189
190
190
191
192
192
193
194
194
195
195
196
197
197
198
199
199
200
201
201
201
201
201
202
202
202
202
202
203
203
203
203
203
204
204
204
204
204
205
205
205
205
206
206
206
206
206
207
207
207
207
207
208
208
208
208
208
209
209
209
209
209
210
210
210
210
211
211
211
211
211
212
212
212
212
212
213
213
213
213
213
214
214
214
214
214
215
215
215
215
216
216
216
216
216
217
217
217
217
217
218
218
218
218
218
219
219
219
219
219
220
220
220
220
221
221
221
221
221
222
222
222
222
222
223
223
223
223
223
224
224
224
224
224
225
225
225
225
226
226
226
226
226
227
227
227
227
227
228
228
228
228
228
229
229
229
229
229
230
230
230
230
231
231
231
231
231
232
232
232
232
232
233
233
233
233
233
234
234
234
234
234
235
235
235
235
236
236
236
236
236
237
237
237
237
237
238
238
238
238
238
239
239
239
239
239
240
240
240
240
241
241
241
241
241
242
242
242
242
242
243
243
243
243
243
244
244
244
244
244
245
245
245
245
246
246
246
246
246
247
247
247
247
247
248
248
248
248
248
249
249
249
249
249
250
250
250
250
251
253
256
258
261
263
266
268
271
273
276
278
281
283
286
288
291
293
296
298
301
301
301
301
301
301
301
301
301
302
302
302
302
302
302
302
302
302
303
303
303
303
303
303
303
303
304
304
304
304
304
304
304
304
304
305
305
305
305
305
305
305
305
306
306
306
306
306
306
306
306
306
307
307
307
307
307
307
307
307
307
308
308
308
308
308
308
308
308
309
309
309
309
309
309
309
309
309
310
310
310
310
310
310
310
310
311
311
311
311
311
311
311
311
311
312
312
312
312
312
312
312
312
312
313
313
313
313
313
313
313
313
314
314
314
314
314
314
314
314
314
315
315
315
315
315
315
315
315
316
316
316
316
316
316
316
316
316
317
317
317
317
317
317
317
317
317
318
318
318
318
318
318
318
318
319
319
319
319
319
319
319
319
319
320
320
320
320
320
320
320
320
321
321
321
321
321
321
321
321
321
322
322
322
322
322
322
322
322
322
323
323
323
323
323
323
323
323
324
324
324
324
324
324
324
324
324
325
325
325
325
325
325
325
325
326
326
326
326
326
326
326
326
326
327
327
327
327
327
327
327
327
327
328
328
328
328
328
328
328
328
329
329
329
329
329
329
329
329
329
330
330
330
330
330
330
330
330
331
331
331
331
331
331
331
331
331
332
332
332
332
332
332
332
332
332
333
333
333
333
333
333
333
333
334
334
334
334
334
334
334
334
334
335
335
335
335
335
335
335
335
336
336
336
336
336
336
336
336
336
337
337
337
337
337
337
337
337
337
338
338
338
338
338
338
338
338
339
339
339
339
339
339
339
339
339
340
340
340
340
340
340
340
340
341
341
341
341
341
341
341
341
341
342
342
342
342
342
342
342
342
342
343
343
343
343
343
343
343
343
344
344
344
344
344
344
344
344
344
345
345
345
345
345
345
345
345
346
346
346
346
346
346
346
346
346
347
347
347
347
347
347
347
347
347
348
348
348
348
348
348
348
348
349
349
349
349
349
349
349
349
349
350
350
350
350
350
350
350
350
